../Core/Src/FingerPrint_Module.c:27:15:RecevieAck	40	static
../Core/Src/FingerPrint_Module.c:55:9:calculate_checksum	8	static
../Core/Src/FingerPrint_Module.c:18:13:send_command	16	static
../Core/Src/FingerPrint_Module.c:65:6:Open_Fingerprint_Module	8	static
../Core/Src/FingerPrint_Module.c:71:6:Close_Fingerprint_Module	8	static
../Core/Src/FingerPrint_Module.c:77:6:LED_Control_Fingerprint_Module	8	static
../Core/Src/FingerPrint_Module.c:83:9:Is_Finger_Pressed	24	static
../Core/Src/FingerPrint_Module.c:92:9:Enroll_Fingerprint	24	static
../Core/Src/FingerPrint_Module.c:107:6:Delete_Fingerprint_ID	8	static
../Core/Src/FingerPrint_Module.c:113:6:Delete_All_Fingerprints	24	static
../Core/Src/FingerPrint_Module.c:121:9:Get_User_Count	24	static
../Core/Src/FingerPrint_Module.c:130:9:Identify_Fingerprint	24	static
../Core/Src/FingerPrint_Module.c:153:9:Get_EntryID	24	static
../Core/Src/FingerPrint_Module.c:163:6:Enroll_Cancel	16	static
