../Core/Inc/gmpxx.h:211:15:static void __gmp_binary_plus::eval(mpz_ptr, mpz_srcptr, long int)	0	static
../Core/Inc/gmpxx.h:508:15:static void __gmp_binary_multiplies::eval(mpz_ptr, mpz_srcptr, long unsigned int)	0	static
../Core/Inc/gmpxx.h:632:15:static void __gmp_binary_divides::eval(mpz_ptr, mpz_srcptr, long unsigned int)	0	static
../Core/Inc/gmpxx.h:982:15:static bool __gmp_binary_equal::eval(mpz_srcptr, long int)	8	static
../Core/Inc/gmpxx.h:1597:8:void __gmp_expr<__mpz_struct [1], __mpz_struct [1]>::assign_ui(long unsigned int)	0	static
../Core/Inc/gmpxx.h:1621:8:void __gmp_expr<__mpz_struct [1], __mpz_struct [1]>::init_ui(long unsigned int)	0	static
../Core/Inc/gmpxx.h:1653:3:__gmp_expr<__mpz_struct [1], __mpz_struct [1]>::__gmp_expr(__gmp_expr<__mpz_struct [1], __mpz_struct [1]>&&)	8	static
../Core/Src/RSA.cpp:13:1:TinyRSA::TinyRSA()	0	static
../Core/Src/RSA.cpp:53:11:mpz_class TinyRSA::gcd(mpz_class, mpz_class)	64	static
../Core/Src/RSA.cpp:204:11:mpz_class TinyRSA::encrypt(mpz_class, mpz_class, mpz_class)	16	static
../Core/Src/RSA.cpp:211:11:mpz_class TinyRSA::decrypt(mpz_class, mpz_class, mpz_class)	16	static
C:\ST\STM32CubeIDE_1.14.1\STM32CubeIDE\plugins\com.st.stm32cube.ide.mcu.externaltools.gnu-tools-for-stm32.11.3.rel1.win32_1.1.100.202309141235\tools\bin/../lib/gcc/arm-none-eabi/11.3.1/../../../../arm-none-eabi/include/c++/11.3.1/bits/move.h:196:5:std::_Require<std::__not_<std::__is_tuple_like<_Tp> >, std::is_move_constructible<_Tp>, std::is_move_assignable<_Tp> > std::swap(_Tp&, _Tp&) [with _Tp = __mpz_struct]	32	static
../Core/Inc/gmpxx.h:1657:3:__gmp_expr<__mpz_struct [1], __mpz_struct [1]>::__gmp_expr(const __gmp_expr<__mpz_struct [1], T>&) [with T = __gmp_binary_expr<__gmp_expr<__mpz_struct [1], __mpz_struct [1]>, __gmp_expr<__mpz_struct [1], __mpz_struct [1]>, __gmp_binary_modulus>]	16	static
../Core/Inc/gmpxx.h:3361:1:bool operator==(const __gmp_expr<T, U>&, int) [with T = __mpz_struct [1]; U = __gmp_binary_expr<__gmp_expr<__mpz_struct [1], __mpz_struct [1]>, long int, __gmp_binary_modulus>]	32	static
../Core/Inc/gmpxx.h:2459:8:void __gmp_expr<T, __gmp_binary_expr<__gmp_expr<T, T>, U, Op> >::eval(typename __gmp_resolve_expr<T>::ptr_type) const [with T = __mpz_struct [1]; U = long int; Op = __gmp_binary_minus]	0	static
../Core/Inc/gmpxx.h:3362:1:bool operator!=(const __gmp_expr<T, U>&, const __gmp_expr<V, W>&) [with T = __mpz_struct [1]; U = __mpz_struct [1]; V = __mpz_struct [1]; W = __gmp_binary_expr<__gmp_expr<__mpz_struct [1], __mpz_struct [1]>, long int, __gmp_binary_minus>]	32	static
../Core/Src/RSA.cpp:48:11:mpz_class TinyRSA::getTotient(mpz_class, mpz_class)	40	static
../Core/Inc/gmpxx.h:2459:8:void __gmp_expr<T, __gmp_binary_expr<__gmp_expr<T, T>, U, Op> >::eval(typename __gmp_resolve_expr<T>::ptr_type) const [with T = __mpz_struct [1]; U = long int; Op = __gmp_binary_multiplies]	0	static
../Core/Src/RSA.cpp:18:11:mpz_class TinyRSA::randBigNumber(int, mpz_class)	48	static
../Core/Inc/gmpxx.h:2459:8:void __gmp_expr<T, __gmp_binary_expr<__gmp_expr<T, T>, U, Op> >::eval(typename __gmp_resolve_expr<T>::ptr_type) const [with T = __mpz_struct [1]; U = long int; Op = __gmp_binary_divides]	8	static
../Core/Src/RSA.cpp:114:11:mpz_class TinyRSA::multiplicative_modulo(mpz_class, mpz_class, mpz_class)	64	static
../Core/Inc/gmpxx.h:2604:8:void __gmp_expr<T, __gmp_binary_expr<__gmp_expr<T, U>, __gmp_expr<T, T>, Op> >::eval(typename __gmp_resolve_expr<T>::ptr_type) const [with T = __mpz_struct [1]; U = __gmp_binary_expr<__gmp_expr<__mpz_struct [1], __mpz_struct [1]>, __gmp_expr<__mpz_struct [1], __mpz_struct [1]>, __gmp_binary_multiplies>; Op = __gmp_binary_modulus]	32	static
../Core/Src/RSA.cpp:131:11:mpz_class TinyRSA::modular_exponentiation(mpz_class, mpz_class, mpz_class)	64	static
../Core/Src/RSA.cpp:146:6:bool TinyRSA::is_prime(mpz_class)	136	static
../Core/Src/RSA.cpp:36:11:mpz_class TinyRSA::generate_prime(int)	64	static
../Core/Inc/gmpxx.h:2604:8:void __gmp_expr<T, __gmp_binary_expr<__gmp_expr<T, U>, __gmp_expr<T, T>, Op> >::eval(typename __gmp_resolve_expr<T>::ptr_type) const [with T = __mpz_struct [1]; U = __gmp_binary_expr<__gmp_expr<__mpz_struct [1], __mpz_struct [1]>, __gmp_expr<__mpz_struct [1], __mpz_struct [1]>, __gmp_binary_divides>; Op = __gmp_binary_multiplies]	32	static
../Core/Src/RSA.cpp:77:11:mpz_class gcd_ExtendedEuclidean(mpz_class, mpz_class, mpz_class*, mpz_class*)	120	static
../Core/Inc/gmpxx.h:2604:8:void __gmp_expr<T, __gmp_binary_expr<__gmp_expr<T, U>, __gmp_expr<T, T>, Op> >::eval(typename __gmp_resolve_expr<T>::ptr_type) const [with T = __mpz_struct [1]; U = __gmp_binary_expr<__gmp_expr<__mpz_struct [1], __mpz_struct [1]>, __gmp_expr<__mpz_struct [1], __mpz_struct [1]>, __gmp_binary_modulus>; Op = __gmp_binary_plus]	32	static
../Core/Src/RSA.cpp:97:11:mpz_class TinyRSA::modularInverse(mpz_class, mpz_class)	112	static
../Core/Src/RSA.cpp:180:6:void TinyRSA::generate_keys(mpz_class&, mpz_class&, mpz_class&, int)	96	static
