../Drivers/STM32F4xx_HAL_Driver/Src/stm32f4xx_ll_usb.c:1407:26:USB_CoreReset	8	static
../Drivers/STM32F4xx_HAL_Driver/Src/stm32f4xx_ll_usb.c:83:19:USB_CoreInit	16	static
../Drivers/STM32F4xx_HAL_Driver/Src/stm32f4xx_ll_usb.c:139:19:USB_SetTurnaroundTime	0	static
../Drivers/STM32F4xx_HAL_Driver/Src/stm32f4xx_ll_usb.c:222:19:USB_EnableGlobalInt	0	static
../Drivers/STM32F4xx_HAL_Driver/Src/stm32f4xx_ll_usb.c:234:19:USB_DisableGlobalInt	0	static
../Drivers/STM32F4xx_HAL_Driver/Src/stm32f4xx_ll_usb.c:249:19:USB_SetCurrentMode	16	static
../Drivers/STM32F4xx_HAL_Driver/Src/stm32f4xx_ll_usb.c:473:19:USB_FlushTxFifo	8	static
../Drivers/STM32F4xx_HAL_Driver/Src/stm32f4xx_ll_usb.c:510:19:USB_FlushRxFifo	8	static
../Drivers/STM32F4xx_HAL_Driver/Src/stm32f4xx_ll_usb.c:553:19:USB_SetDevSpeed	0	static
../Drivers/STM32F4xx_HAL_Driver/Src/stm32f4xx_ll_usb.c:296:19:USB_DevInit	32	static
../Drivers/STM32F4xx_HAL_Driver/Src/stm32f4xx_ll_usb.c:569:9:USB_GetDevSpeed	0	static
../Drivers/STM32F4xx_HAL_Driver/Src/stm32f4xx_ll_usb.c:598:19:USB_ActivateEndpoint	12	static
../Drivers/STM32F4xx_HAL_Driver/Src/stm32f4xx_ll_usb.c:636:19:USB_ActivateDedicatedEndpoint	20	static
../Drivers/STM32F4xx_HAL_Driver/Src/stm32f4xx_ll_usb.c:675:19:USB_DeactivateEndpoint	8	static
../Drivers/STM32F4xx_HAL_Driver/Src/stm32f4xx_ll_usb.c:722:19:USB_DeactivateDedicatedEndpoint	0	static
../Drivers/STM32F4xx_HAL_Driver/Src/stm32f4xx_ll_usb.c:936:19:USB_EPStopXfer	8	static
../Drivers/STM32F4xx_HAL_Driver/Src/stm32f4xx_ll_usb.c:1000:19:USB_WritePacket	8	static
../Drivers/STM32F4xx_HAL_Driver/Src/stm32f4xx_ll_usb.c:764:19:USB_EPStartXfer	32	static
../Drivers/STM32F4xx_HAL_Driver/Src/stm32f4xx_ll_usb.c:1031:7:USB_ReadPacket	16	static
../Drivers/STM32F4xx_HAL_Driver/Src/stm32f4xx_ll_usb.c:1073:19:USB_EPSetStall	0	static
../Drivers/STM32F4xx_HAL_Driver/Src/stm32f4xx_ll_usb.c:1104:19:USB_EPClearStall	0	static
../Drivers/STM32F4xx_HAL_Driver/Src/stm32f4xx_ll_usb.c:1133:19:USB_StopDevice	8	static
../Drivers/STM32F4xx_HAL_Driver/Src/stm32f4xx_ll_usb.c:1175:19:USB_SetDevAddress	0	static
../Drivers/STM32F4xx_HAL_Driver/Src/stm32f4xx_ll_usb.c:1190:19:USB_DevConnect	0	static
../Drivers/STM32F4xx_HAL_Driver/Src/stm32f4xx_ll_usb.c:1207:19:USB_DevDisconnect	0	static
../Drivers/STM32F4xx_HAL_Driver/Src/stm32f4xx_ll_usb.c:1224:10:USB_ReadInterrupts	0	static
../Drivers/STM32F4xx_HAL_Driver/Src/stm32f4xx_ll_usb.c:1240:10:USB_ReadChInterrupts	0	static
../Drivers/STM32F4xx_HAL_Driver/Src/stm32f4xx_ll_usb.c:1256:10:USB_ReadDevAllOutEpInterrupt	0	static
../Drivers/STM32F4xx_HAL_Driver/Src/stm32f4xx_ll_usb.c:1272:10:USB_ReadDevAllInEpInterrupt	0	static
../Drivers/STM32F4xx_HAL_Driver/Src/stm32f4xx_ll_usb.c:1290:10:USB_ReadDevOutEPInterrupt	0	static
../Drivers/STM32F4xx_HAL_Driver/Src/stm32f4xx_ll_usb.c:1308:10:USB_ReadDevInEPInterrupt	0	static
../Drivers/STM32F4xx_HAL_Driver/Src/stm32f4xx_ll_usb.c:1329:7:USB_ClearInterrupts	0	static
../Drivers/STM32F4xx_HAL_Driver/Src/stm32f4xx_ll_usb.c:1342:10:USB_GetMode	0	static
../Drivers/STM32F4xx_HAL_Driver/Src/stm32f4xx_ll_usb.c:1352:19:USB_ActivateSetup	0	static
../Drivers/STM32F4xx_HAL_Driver/Src/stm32f4xx_ll_usb.c:1374:19:USB_EP0_OutStart	12	static
../Drivers/STM32F4xx_HAL_Driver/Src/stm32f4xx_ll_usb.c:1447:19:USB_HostInit	16	static
../Drivers/STM32F4xx_HAL_Driver/Src/stm32f4xx_ll_usb.c:1562:19:USB_InitFSLSPClkSel	8	static
../Drivers/STM32F4xx_HAL_Driver/Src/stm32f4xx_ll_usb.c:1592:19:USB_ResetPort	24	static
../Drivers/STM32F4xx_HAL_Driver/Src/stm32f4xx_ll_usb.c:1619:19:USB_DriveVbus	8	static
../Drivers/STM32F4xx_HAL_Driver/Src/stm32f4xx_ll_usb.c:1649:10:USB_GetHostSpeed	8	static
../Drivers/STM32F4xx_HAL_Driver/Src/stm32f4xx_ll_usb.c:1663:10:USB_GetCurrentFrame	0	static
../Drivers/STM32F4xx_HAL_Driver/Src/stm32f4xx_ll_usb.c:1694:19:USB_HC_Init	32	static
../Drivers/STM32F4xx_HAL_Driver/Src/stm32f4xx_ll_usb.c:2089:10:USB_HC_ReadInterrupt	0	static
../Drivers/STM32F4xx_HAL_Driver/Src/stm32f4xx_ll_usb.c:2103:19:USB_HC_Halt	24	static
../Drivers/STM32F4xx_HAL_Driver/Src/stm32f4xx_ll_usb.c:2187:19:USB_DoPing	0	static
../Drivers/STM32F4xx_HAL_Driver/Src/stm32f4xx_ll_usb.c:1826:19:USB_HC_StartXfer	48	static
../Drivers/STM32F4xx_HAL_Driver/Src/stm32f4xx_ll_usb.c:2211:19:USB_StopHost	24	static
../Drivers/STM32F4xx_HAL_Driver/Src/stm32f4xx_ll_usb.c:2276:19:USB_ActivateRemoteWakeup	0	static
../Drivers/STM32F4xx_HAL_Driver/Src/stm32f4xx_ll_usb.c:2294:19:USB_DeActivateRemoteWakeup	0	static
