Archive member included to satisfy reference by file (symbol)

C:/ST/STM32CubeIDE_1.14.1/STM32CubeIDE/plugins/com.st.stm32cube.ide.mcu.externaltools.gnu-tools-for-stm32.11.3.rel1.win32_1.1.100.202309141235/tools/bin/../lib/gcc/arm-none-eabi/11.3.1/../../../../arm-none-eabi/lib/thumb/v7e-m+fp/hard\libc_nano.a(libc_a-exit.o)
                              C:/ST/STM32CubeIDE_1.14.1/STM32CubeIDE/plugins/com.st.stm32cube.ide.mcu.externaltools.gnu-tools-for-stm32.11.3.rel1.win32_1.1.100.202309141235/tools/bin/../lib/gcc/arm-none-eabi/11.3.1/../../../../arm-none-eabi/lib/thumb/v7e-m+fp/hard/crt0.o (exit)
C:/ST/STM32CubeIDE_1.14.1/STM32CubeIDE/plugins/com.st.stm32cube.ide.mcu.externaltools.gnu-tools-for-stm32.11.3.rel1.win32_1.1.100.202309141235/tools/bin/../lib/gcc/arm-none-eabi/11.3.1/../../../../arm-none-eabi/lib/thumb/v7e-m+fp/hard\libc_nano.a(libc_a-rand.o)
                              ./Core/Src/RSA.o (rand)
C:/ST/STM32CubeIDE_1.14.1/STM32CubeIDE/plugins/com.st.stm32cube.ide.mcu.externaltools.gnu-tools-for-stm32.11.3.rel1.win32_1.1.100.202309141235/tools/bin/../lib/gcc/arm-none-eabi/11.3.1/../../../../arm-none-eabi/lib/thumb/v7e-m+fp/hard\libc_nano.a(libc_a-findfp.o)
                              C:/ST/STM32CubeIDE_1.14.1/STM32CubeIDE/plugins/com.st.stm32cube.ide.mcu.externaltools.gnu-tools-for-stm32.11.3.rel1.win32_1.1.100.202309141235/tools/bin/../lib/gcc/arm-none-eabi/11.3.1/../../../../arm-none-eabi/lib/thumb/v7e-m+fp/hard\libc_nano.a(libc_a-exit.o) (__stdio_exit_handler)
C:/ST/STM32CubeIDE_1.14.1/STM32CubeIDE/plugins/com.st.stm32cube.ide.mcu.externaltools.gnu-tools-for-stm32.11.3.rel1.win32_1.1.100.202309141235/tools/bin/../lib/gcc/arm-none-eabi/11.3.1/../../../../arm-none-eabi/lib/thumb/v7e-m+fp/hard\libc_nano.a(libc_a-fwalk.o)
                              C:/ST/STM32CubeIDE_1.14.1/STM32CubeIDE/plugins/com.st.stm32cube.ide.mcu.externaltools.gnu-tools-for-stm32.11.3.rel1.win32_1.1.100.202309141235/tools/bin/../lib/gcc/arm-none-eabi/11.3.1/../../../../arm-none-eabi/lib/thumb/v7e-m+fp/hard\libc_nano.a(libc_a-findfp.o) (_fwalk_sglue)
C:/ST/STM32CubeIDE_1.14.1/STM32CubeIDE/plugins/com.st.stm32cube.ide.mcu.externaltools.gnu-tools-for-stm32.11.3.rel1.win32_1.1.100.202309141235/tools/bin/../lib/gcc/arm-none-eabi/11.3.1/../../../../arm-none-eabi/lib/thumb/v7e-m+fp/hard\libc_nano.a(libc_a-printf.o)
                              ./Core/Src/usb_operations.o (printf)
C:/ST/STM32CubeIDE_1.14.1/STM32CubeIDE/plugins/com.st.stm32cube.ide.mcu.externaltools.gnu-tools-for-stm32.11.3.rel1.win32_1.1.100.202309141235/tools/bin/../lib/gcc/arm-none-eabi/11.3.1/../../../../arm-none-eabi/lib/thumb/v7e-m+fp/hard\libc_nano.a(libc_a-puts.o)
                              ./Core/Src/usb_operations.o (puts)
C:/ST/STM32CubeIDE_1.14.1/STM32CubeIDE/plugins/com.st.stm32cube.ide.mcu.externaltools.gnu-tools-for-stm32.11.3.rel1.win32_1.1.100.202309141235/tools/bin/../lib/gcc/arm-none-eabi/11.3.1/../../../../arm-none-eabi/lib/thumb/v7e-m+fp/hard\libc_nano.a(libc_a-stdio.o)
                              C:/ST/STM32CubeIDE_1.14.1/STM32CubeIDE/plugins/com.st.stm32cube.ide.mcu.externaltools.gnu-tools-for-stm32.11.3.rel1.win32_1.1.100.202309141235/tools/bin/../lib/gcc/arm-none-eabi/11.3.1/../../../../arm-none-eabi/lib/thumb/v7e-m+fp/hard\libc_nano.a(libc_a-findfp.o) (__sread)
C:/ST/STM32CubeIDE_1.14.1/STM32CubeIDE/plugins/com.st.stm32cube.ide.mcu.externaltools.gnu-tools-for-stm32.11.3.rel1.win32_1.1.100.202309141235/tools/bin/../lib/gcc/arm-none-eabi/11.3.1/../../../../arm-none-eabi/lib/thumb/v7e-m+fp/hard\libc_nano.a(libc_a-wbuf.o)
                              C:/ST/STM32CubeIDE_1.14.1/STM32CubeIDE/plugins/com.st.stm32cube.ide.mcu.externaltools.gnu-tools-for-stm32.11.3.rel1.win32_1.1.100.202309141235/tools/bin/../lib/gcc/arm-none-eabi/11.3.1/../../../../arm-none-eabi/lib/thumb/v7e-m+fp/hard\libc_nano.a(libc_a-puts.o) (__swbuf_r)
C:/ST/STM32CubeIDE_1.14.1/STM32CubeIDE/plugins/com.st.stm32cube.ide.mcu.externaltools.gnu-tools-for-stm32.11.3.rel1.win32_1.1.100.202309141235/tools/bin/../lib/gcc/arm-none-eabi/11.3.1/../../../../arm-none-eabi/lib/thumb/v7e-m+fp/hard\libc_nano.a(libc_a-wsetup.o)
                              C:/ST/STM32CubeIDE_1.14.1/STM32CubeIDE/plugins/com.st.stm32cube.ide.mcu.externaltools.gnu-tools-for-stm32.11.3.rel1.win32_1.1.100.202309141235/tools/bin/../lib/gcc/arm-none-eabi/11.3.1/../../../../arm-none-eabi/lib/thumb/v7e-m+fp/hard\libc_nano.a(libc_a-puts.o) (__swsetup_r)
C:/ST/STM32CubeIDE_1.14.1/STM32CubeIDE/plugins/com.st.stm32cube.ide.mcu.externaltools.gnu-tools-for-stm32.11.3.rel1.win32_1.1.100.202309141235/tools/bin/../lib/gcc/arm-none-eabi/11.3.1/../../../../arm-none-eabi/lib/thumb/v7e-m+fp/hard\libc_nano.a(libc_a-memset.o)
                              C:/ST/STM32CubeIDE_1.14.1/STM32CubeIDE/plugins/com.st.stm32cube.ide.mcu.externaltools.gnu-tools-for-stm32.11.3.rel1.win32_1.1.100.202309141235/tools/bin/../lib/gcc/arm-none-eabi/11.3.1/../../../../arm-none-eabi/lib/thumb/v7e-m+fp/hard/crt0.o (memset)
[...]
Memory Configuration

Name             Origin             Length             Attributes
CCMRAM           0x0000000010000000 0x0000000000010000 xrw
RAM              0x0000000020000000 0x0000000000020000 xrw
FLASH            0x0000000008000000 0x0000000000100000 xr
*default*        0x0000000000000000 0xffffffffffffffff

Linker script and memory map

LOAD C:/ST/STM32CubeIDE_1.14.1/STM32CubeIDE/plugins/com.st.stm32cube.ide.mcu.externaltools.gnu-tools-for-stm32.11.3.rel1.win32_1.1.100.202309141235/tools/bin/../lib/gcc/arm-none-eabi/11.3.1/thumb/v7e-m+fp/hard/crti.o
LOAD C:/ST/STM32CubeIDE_1.14.1/STM32CubeIDE/plugins/com.st.stm32cube.ide.mcu.externaltools.gnu-tools-for-stm32.11.3.rel1.win32_1.1.100.202309141235/tools/bin/../lib/gcc/arm-none-eabi/11.3.1/thumb/v7e-m+fp/hard/crtbegin.o
LOAD C:/ST/STM32CubeIDE_1.14.1/STM32CubeIDE/plugins/com.st.stm32cube.ide.mcu.externaltools.gnu-tools-for-stm32.11.3.rel1.win32_1.1.100.202309141235/tools/bin/../lib/gcc/arm-none-eabi/11.3.1/../../../../arm-none-eabi/lib/thumb/v7e-m+fp/hard/crt0.o
LOAD ./Core/Src/LED.o
LOAD ./Core/Src/RSA.o
LOAD ./Core/Src/main.o
LOAD ./Core/Src/stm32f4xx_hal_msp.o
LOAD ./Core/Src/stm32f4xx_it.o
LOAD ./Core/Src/syscalls.o
LOAD ./Core/Src/sysmem.o
LOAD ./Core/Src/system_stm32f4xx.o
LOAD ./Core/Src/usb_operations.o
LOAD ./Core/Startup/startup_stm32f407vgtx.o
LOAD ./Drivers/STM32F4xx_HAL_Driver/Src/stm32f4xx_hal.o
LOAD ./Drivers/STM32F4xx_HAL_Driver/Src/stm32f4xx_hal_cortex.o
LOAD ./Drivers/STM32F4xx_HAL_Driver/Src/stm32f4xx_hal_dma.o
LOAD ./Drivers/STM32F4xx_HAL_Driver/Src/stm32f4xx_hal_dma_ex.o
LOAD ./Drivers/STM32F4xx_HAL_Driver/Src/stm32f4xx_hal_exti.o
LOAD ./Drivers/STM32F4xx_HAL_Driver/Src/stm32f4xx_hal_flash.o
LOAD ./Drivers/STM32F4xx_HAL_Driver/Src/stm32f4xx_hal_flash_ex.o
LOAD ./Drivers/STM32F4xx_HAL_Driver/Src/stm32f4xx_hal_flash_ramfunc.o
LOAD ./Drivers/STM32F4xx_HAL_Driver/Src/stm32f4xx_hal_gpio.o
LOAD ./Drivers/STM32F4xx_HAL_Driver/Src/stm32f4xx_hal_pcd.o
LOAD ./Drivers/STM32F4xx_HAL_Driver/Src/stm32f4xx_hal_pcd_ex.o
LOAD ./Drivers/STM32F4xx_HAL_Driver/Src/stm32f4xx_hal_pwr.o
LOAD ./Drivers/STM32F4xx_HAL_Driver/Src/stm32f4xx_hal_pwr_ex.o
LOAD ./Drivers/STM32F4xx_HAL_Driver/Src/stm32f4xx_hal_rcc.o
LOAD ./Drivers/STM32F4xx_HAL_Driver/Src/stm32f4xx_hal_rcc_ex.o
LOAD ./Drivers/STM32F4xx_HAL_Driver/Src/stm32f4xx_hal_tim.o
LOAD ./Drivers/STM32F4xx_HAL_Driver/Src/stm32f4xx_hal_tim_ex.o
LOAD ./Drivers/STM32F4xx_HAL_Driver/Src/stm32f4xx_hal_uart.o
LOAD ./Drivers/STM32F4xx_HAL_Driver/Src/stm32f4xx_ll_usb.o
LOAD ./Middlewares/ST/STM32_USB_Device_Library/Class/CustomHID/Src/usbd_customhid.o
LOAD ./Middlewares/ST/STM32_USB_Device_Library/Core/Src/usbd_core.o
LOAD ./Middlewares/ST/STM32_USB_Device_Library/Core/Src/usbd_ctlreq.o
LOAD ./Middlewares/ST/STM32_USB_Device_Library/Core/Src/usbd_ioreq.o
LOAD ./USB_DEVICE/App/usb_device.o
LOAD ./USB_DEVICE/App/usbd_custom_hid_if.o
LOAD ./USB_DEVICE/App/usbd_desc.o
LOAD ./USB_DEVICE/Target/usbd_conf.o
START GROUP
LOAD C:/ST/STM32CubeIDE_1.14.1/STM32CubeIDE/plugins/com.st.stm32cube.ide.mcu.externaltools.gnu-tools-for-stm32.11.3.rel1.win32_1.1.100.202309141235/tools/bin/../lib/gcc/arm-none-eabi/11.3.1/../../../../arm-none-eabi/lib/thumb/v7e-m+fp/hard\libstdc++_nano.a
LOAD C:/ST/STM32CubeIDE_1.14.1/STM32CubeIDE/plugins/com.st.stm32cube.ide.mcu.externaltools.gnu-tools-for-stm32.11.3.rel1.win32_1.1.100.202309141235/tools/bin/../lib/gcc/arm-none-eabi/11.3.1/../../../../arm-none-eabi/lib/thumb/v7e-m+fp/hard\libsupc++_nano.a
END GROUP
LOAD C:/ST/STM32CubeIDE_1.14.1/STM32CubeIDE/plugins/com.st.stm32cube.ide.mcu.externaltools.gnu-tools-for-stm32.11.3.rel1.win32_1.1.100.202309141235/tools/bin/../lib/gcc/arm-none-eabi/11.3.1/../../../../arm-none-eabi/lib/thumb/v7e-m+fp/hard\libstdc++_nano.a
LOAD C:/ST/STM32CubeIDE_1.14.1/STM32CubeIDE/plugins/com.st.stm32cube.ide.mcu.externaltools.gnu-tools-for-stm32.11.3.rel1.win32_1.1.100.202309141235/tools/bin/../lib/gcc/arm-none-eabi/11.3.1/../../../../arm-none-eabi/lib/thumb/v7e-m+fp/hard\libm.a
LOAD C:/ST/STM32CubeIDE_1.14.1/STM32CubeIDE/plugins/com.st.stm32cube.ide.mcu.externaltools.gnu-tools-for-stm32.11.3.rel1.win32_1.1.100.202309141235/tools/bin/../lib/gcc/arm-none-eabi/11.3.1/../../../../arm-none-eabi/lib/thumb/v7e-m+fp/hard\libc_nano.a
START GROUP
LOAD C:/ST/STM32CubeIDE_1.14.1/STM32CubeIDE/plugins/com.st.stm32cube.ide.mcu.externaltools.gnu-tools-for-stm32.11.3.rel1.win32_1.1.100.202309141235/tools/bin/../lib/gcc/arm-none-eabi/11.3.1/thumb/v7e-m+fp/hard\libgcc.a
LOAD C:/ST/STM32CubeIDE_1.14.1/STM32CubeIDE/plugins/com.st.stm32cube.ide.mcu.externaltools.gnu-tools-for-stm32.11.3.rel1.win32_1.1.100.202309141235/tools/bin/../lib/gcc/arm-none-eabi/11.3.1/../../../../arm-none-eabi/lib/thumb/v7e-m+fp/hard\libc_nano.a
END GROUP
START GROUP
LOAD C:/ST/STM32CubeIDE_1.14.1/STM32CubeIDE/plugins/com.st.stm32cube.ide.mcu.externaltools.gnu-tools-for-stm32.11.3.rel1.win32_1.1.100.202309141235/tools/bin/../lib/gcc/arm-none-eabi/11.3.1/thumb/v7e-m+fp/hard\libgcc.a
LOAD C:/ST/STM32CubeIDE_1.14.1/STM32CubeIDE/plugins/com.st.stm32cube.ide.mcu.externaltools.gnu-tools-for-stm32.11.3.rel1.win32_1.1.100.202309141235/tools/bin/../lib/gcc/arm-none-eabi/11.3.1/../../../../arm-none-eabi/lib/thumb/v7e-m+fp/hard\libc_nano.a
LOAD C:/ST/STM32CubeIDE_1.14.1/STM32CubeIDE/plugins/com.st.stm32cube.ide.mcu.externaltools.gnu-tools-for-stm32.11.3.rel1.win32_1.1.100.202309141235/tools/bin/../lib/gcc/arm-none-eabi/11.3.1/../../../../arm-none-eabi/lib/thumb/v7e-m+fp/hard\libnosys.a
END GROUP
START GROUP
LOAD C:/ST/STM32CubeIDE_1.14.1/STM32CubeIDE/plugins/com.st.stm32cube.ide.mcu.externaltools.gnu-tools-for-stm32.11.3.rel1.win32_1.1.100.202309141235/tools/bin/../lib/gcc/arm-none-eabi/11.3.1/thumb/v7e-m+fp/hard\libgcc.a
LOAD C:/ST/STM32CubeIDE_1.14.1/STM32CubeIDE/plugins/com.st.stm32cube.ide.mcu.externaltools.gnu-tools-for-stm32.11.3.rel1.win32_1.1.100.202309141235/tools/bin/../lib/gcc/arm-none-eabi/11.3.1/../../../../arm-none-eabi/lib/thumb/v7e-m+fp/hard\libc_nano.a
LOAD C:/ST/STM32CubeIDE_1.14.1/STM32CubeIDE/plugins/com.st.stm32cube.ide.mcu.externaltools.gnu-tools-for-stm32.11.3.rel1.win32_1.1.100.202309141235/tools/bin/../lib/gcc/arm-none-eabi/11.3.1/../../../../arm-none-eabi/lib/thumb/v7e-m+fp/hard\libnosys.a
END GROUP
LOAD C:/ST/STM32CubeIDE_1.14.1/STM32CubeIDE/plugins/com.st.stm32cube.ide.mcu.externaltools.gnu-tools-for-stm32.11.3.rel1.win32_1.1.100.202309141235/tools/bin/../lib/gcc/arm-none-eabi/11.3.1/thumb/v7e-m+fp/hard/crtend.o
LOAD C:/ST/STM32CubeIDE_1.14.1/STM32CubeIDE/plugins/com.st.stm32cube.ide.mcu.externaltools.gnu-tools-for-stm32.11.3.rel1.win32_1.1.100.202309141235/tools/bin/../lib/gcc/arm-none-eabi/11.3.1/thumb/v7e-m+fp/hard/crtn.o
                0x0000000020020000                _estack = (ORIGIN (RAM) + LENGTH (RAM))
                0x0000000000000200                _Min_Heap_Size = 0x200
                0x0000000000000400                _Min_Stack_Size = 0x400

.isr_vector     0x0000000008000000      0x188
                0x0000000008000000                . = ALIGN (0x4)
 *(.isr_vector)
 .isr_vector    0x0000000008000000      0x188 ./Core/Startup/startup_stm32f407vgtx.o
                0x0000000008000000                g_pfnVectors
                0x0000000008000188                . = ALIGN (0x4)

.text           0x0000000008000188     0x6f44
                0x0000000008000188                . = ALIGN (0x4)
 *(.text)
 .text          0x0000000008000188       0x40 C:/ST/STM32CubeIDE_1.14.1/STM32CubeIDE/plugins/com.st.stm32cube.ide.mcu.externaltools.gnu-tools-for-stm32.11.3.rel1.win32_1.1.100.202309141235/tools/bin/../lib/gcc/arm-none-eabi/11.3.1/thumb/v7e-m+fp/hard/crtbegin.o
 .text          0x00000000080001c8       0x30 C:/ST/STM32CubeIDE_1.14.1/STM32CubeIDE/plugins/com.st.stm32cube.ide.mcu.externaltools.gnu-tools-for-stm32.11.3.rel1.win32_1.1.100.202309141235/tools/bin/../lib/gcc/arm-none-eabi/11.3.1/thumb/v7e-m+fp/hard\libgcc.a(_aeabi_uldivmod.o)
                0x00000000080001c8                __aeabi_uldivmod
 .text          0x00000000080001f8      0x2c8 C:/ST/STM32CubeIDE_1.14.1/STM32CubeIDE/plugins/com.st.stm32cube.ide.mcu.externaltools.gnu-tools-for-stm32.11.3.rel1.win32_1.1.100.202309141235/tools/bin/../lib/gcc/arm-none-eabi/11.3.1/thumb/v7e-m+fp/hard\libgcc.a(_udivmoddi4.o)
                0x00000000080001f8                __udivmoddi4
 .text          0x00000000080004c0        0x4 C:/ST/STM32CubeIDE_1.14.1/STM32CubeIDE/plugins/com.st.stm32cube.ide.mcu.externaltools.gnu-tools-for-stm32.11.3.rel1.win32_1.1.100.202309141235/tools/bin/../lib/gcc/arm-none-eabi/11.3.1/thumb/v7e-m+fp/hard\libgcc.a(_dvmd_tls.o)
                0x00000000080004c0                __aeabi_idiv0
                0x00000000080004c0                __aeabi_ldiv0
 *(.text*)
 .text.main     0x00000000080004c4       0xa8 ./Core/Src/main.o
                0x00000000080004c4                main
 .text.SystemClock_Config
                0x000000000800056c       0xd4 ./Core/Src/main.o
                0x000000000800056c                SystemClock_Config
 .text.MX_UART4_Init
                0x0000000008000640       0x54 ./Core/Src/main.o
 .text.MX_GPIO_Init
                0x0000000008000694       0xdc ./Core/Src/main.o
 .text.Error_Handler
                0x0000000008000770        0xa ./Core/Src/main.o
                0x0000000008000770                Error_Handler
 *fill*         0x000000000800077a        0x2 
 .text.HAL_MspInit
                0x000000000800077c       0x50 ./Core/Src/stm32f4xx_hal_msp.o
                0x000000000800077c                HAL_MspInit
 .text.HAL_UART_MspInit
                0x00000000080007cc       0xd0 ./Core/Src/stm32f4xx_hal_msp.o
                0x00000000080007cc                HAL_UART_MspInit
 .text.NMI_Handler
                0x000000000800089c        0x6 ./Core/Src/stm32f4xx_it.o
                0x000000000800089c                NMI_Handler
 .text.HardFault_Handler
                0x00000000080008a2        0x6 ./Core/Src/stm32f4xx_it.o
                0x00000000080008a2                HardFault_Handler
 .text.MemManage_Handler
                0x00000000080008a8        0x6 ./Core/Src/stm32f4xx_it.o
                0x00000000080008a8                MemManage_Handler
 .text.BusFault_Handler
                0x00000000080008ae        0x6 ./Core/Src/stm32f4xx_it.o
                0x00000000080008ae                BusFault_Handler
 .text.UsageFault_Handler
                0x00000000080008b4        0x6 ./Core/Src/stm32f4xx_it.o
                0x00000000080008b4                UsageFault_Handler
 .text.SVC_Handler
                0x00000000080008ba        0xe ./Core/Src/stm32f4xx_it.o
                0x00000000080008ba                SVC_Handler
 .text.DebugMon_Handler
                0x00000000080008c8        0xe ./Core/Src/stm32f4xx_it.o
                0x00000000080008c8                DebugMon_Handler
 .text.PendSV_Handler
                0x00000000080008d6        0xe ./Core/Src/stm32f4xx_it.o
                0x00000000080008d6                PendSV_Handler
 .text.SysTick_Handler
                0x00000000080008e4        0xc ./Core/Src/stm32f4xx_it.o
                0x00000000080008e4                SysTick_Handler
 .text.OTG_FS_IRQHandler
                0x00000000080008f0       0x14 ./Core/Src/stm32f4xx_it.o
                0x00000000080008f0                OTG_FS_IRQHandler
 .text.SystemInit
                0x0000000008000904       0x24 ./Core/Src/system_stm32f4xx.o
                0x0000000008000904                SystemInit
 .text.Reset_Handler
                0x0000000008000928       0x50 ./Core/Startup/startup_stm32f407vgtx.o
                0x0000000008000928                Reset_Handler
 .text.Default_Handler
                0x0000000008000978        0x2 ./Core/Startup/startup_stm32f407vgtx.o
                0x0000000008000978                RTC_Alarm_IRQHandler
                0x0000000008000978                HASH_RNG_IRQHandler
                0x0000000008000978                EXTI2_IRQHandler
                0x0000000008000978                TIM8_CC_IRQHandler
                0x0000000008000978                TIM1_CC_IRQHandler
                0x0000000008000978                DMA2_Stream5_IRQHandler
                0x0000000008000978                DMA1_Stream5_IRQHandler
                0x0000000008000978                PVD_IRQHandler
                0x0000000008000978                SDIO_IRQHandler
                0x0000000008000978                TAMP_STAMP_IRQHandler
                0x0000000008000978                CAN2_RX1_IRQHandler
                0x0000000008000978                EXTI3_IRQHandler
                0x0000000008000978                TIM8_TRG_COM_TIM14_IRQHandler
                0x0000000008000978                TIM1_UP_TIM10_IRQHandler
                0x0000000008000978                TIM8_UP_TIM13_IRQHandler
                0x0000000008000978                I2C3_ER_IRQHandler
                0x0000000008000978                EXTI0_IRQHandler
                0x0000000008000978                I2C2_EV_IRQHandler
                0x0000000008000978                DMA1_Stream2_IRQHandler
                0x0000000008000978                CAN1_RX0_IRQHandler
                0x0000000008000978                FPU_IRQHandler
                0x0000000008000978                OTG_HS_WKUP_IRQHandler
                0x0000000008000978                CAN2_SCE_IRQHandler
                0x0000000008000978                DMA2_Stream2_IRQHandler
                0x0000000008000978                SPI1_IRQHandler
                0x0000000008000978                TIM6_DAC_IRQHandler
                0x0000000008000978                TIM1_BRK_TIM9_IRQHandler
                0x0000000008000978                DCMI_IRQHandler
                0x0000000008000978                CAN2_RX0_IRQHandler
                0x0000000008000978                DMA2_Stream3_IRQHandler
                0x0000000008000978                USART6_IRQHandler
                0x0000000008000978                USART3_IRQHandler
                0x0000000008000978                CAN1_RX1_IRQHandler
                0x0000000008000978                UART5_IRQHandler
                0x0000000008000978                DMA2_Stream0_IRQHandler
                0x0000000008000978                TIM4_IRQHandler
                0x0000000008000978                I2C1_EV_IRQHandler
                0x0000000008000978                DMA1_Stream6_IRQHandler
                0x0000000008000978                DMA1_Stream1_IRQHandler
                0x0000000008000978                UART4_IRQHandler
                0x0000000008000978                TIM3_IRQHandler
                0x0000000008000978                RCC_IRQHandler
                0x0000000008000978                TIM8_BRK_TIM12_IRQHandler
                0x0000000008000978                Default_Handler
                0x0000000008000978                EXTI15_10_IRQHandler
                0x0000000008000978                ADC_IRQHandler
                0x0000000008000978                DMA1_Stream7_IRQHandler
                0x0000000008000978                TIM7_IRQHandler
                0x0000000008000978                CAN2_TX_IRQHandler
                0x0000000008000978                TIM5_IRQHandler
                0x0000000008000978                DMA2_Stream7_IRQHandler
                0x0000000008000978                I2C3_EV_IRQHandler
                0x0000000008000978                EXTI9_5_IRQHandler
                0x0000000008000978                RTC_WKUP_IRQHandler
                0x0000000008000978                ETH_WKUP_IRQHandler
                0x0000000008000978                SPI2_IRQHandler
                0x0000000008000978                OTG_HS_EP1_IN_IRQHandler
                0x0000000008000978                DMA1_Stream0_IRQHandler
                0x0000000008000978                CAN1_TX_IRQHandler
                0x0000000008000978                EXTI4_IRQHandler
                0x0000000008000978                FSMC_IRQHandler
                0x0000000008000978                ETH_IRQHandler
                0x0000000008000978                OTG_HS_EP1_OUT_IRQHandler
                0x0000000008000978                WWDG_IRQHandler
                0x0000000008000978                TIM2_IRQHandler
                0x0000000008000978                OTG_FS_WKUP_IRQHandler
                0x0000000008000978                TIM1_TRG_COM_TIM11_IRQHandler
                0x0000000008000978                OTG_HS_IRQHandler
                0x0000000008000978                EXTI1_IRQHandler
                0x0000000008000978                USART2_IRQHandler
                0x0000000008000978                I2C2_ER_IRQHandler
                0x0000000008000978                DMA2_Stream1_IRQHandler
                0x0000000008000978                CAN1_SCE_IRQHandler
                0x0000000008000978                FLASH_IRQHandler
                0x0000000008000978                DMA2_Stream4_IRQHandler
                0x0000000008000978                USART1_IRQHandler
                0x0000000008000978                SPI3_IRQHandler
                0x0000000008000978                DMA1_Stream4_IRQHandler
                0x0000000008000978                I2C1_ER_IRQHandler
                0x0000000008000978                DMA2_Stream6_IRQHandler
                0x0000000008000978                DMA1_Stream3_IRQHandler
 *fill*         0x000000000800097a        0x2 
 .text.HAL_Init
                0x000000000800097c       0x44 ./Drivers/STM32F4xx_HAL_Driver/Src/stm32f4xx_hal.o
                0x000000000800097c                HAL_Init
 .text.HAL_InitTick
                0x00000000080009c0       0x60 ./Drivers/STM32F4xx_HAL_Driver/Src/stm32f4xx_hal.o
                0x00000000080009c0                HAL_InitTick
 .text.HAL_IncTick
                0x0000000008000a20       0x28 ./Drivers/STM32F4xx_HAL_Driver/Src/stm32f4xx_hal.o
                0x0000000008000a20                HAL_IncTick
 .text.HAL_GetTick
                0x0000000008000a48       0x18 ./Drivers/STM32F4xx_HAL_Driver/Src/stm32f4xx_hal.o
                0x0000000008000a48                HAL_GetTick
 .text.HAL_Delay
                0x0000000008000a60       0x48 ./Drivers/STM32F4xx_HAL_Driver/Src/stm32f4xx_hal.o
                0x0000000008000a60                HAL_Delay
 .text.__NVIC_SetPriorityGrouping
                0x0000000008000aa8       0x48 ./Drivers/STM32F4xx_HAL_Driver/Src/stm32f4xx_hal_cortex.o
 .text.__NVIC_GetPriorityGrouping
                0x0000000008000af0       0x1c ./Drivers/STM32F4xx_HAL_Driver/Src/stm32f4xx_hal_cortex.o
 .text.__NVIC_EnableIRQ
                0x0000000008000b0c       0x3c ./Drivers/STM32F4xx_HAL_Driver/Src/stm32f4xx_hal_cortex.o
 .text.__NVIC_SetPriority
                0x0000000008000b48       0x54 ./Drivers/STM32F4xx_HAL_Driver/Src/stm32f4xx_hal_cortex.o
 .text.NVIC_EncodePriority
                0x0000000008000b9c       0x66 ./Drivers/STM32F4xx_HAL_Driver/Src/stm32f4xx_hal_cortex.o
 *fill*         0x0000000008000c02        0x2 
 .text.SysTick_Config
                0x0000000008000c04       0x44 ./Drivers/STM32F4xx_HAL_Driver/Src/stm32f4xx_hal_cortex.o
 .text.HAL_NVIC_SetPriorityGrouping
                0x0000000008000c48       0x16 ./Drivers/STM32F4xx_HAL_Driver/Src/stm32f4xx_hal_cortex.o
                0x0000000008000c48                HAL_NVIC_SetPriorityGrouping
 .text.HAL_NVIC_SetPriority
                0x0000000008000c5e       0x38 ./Drivers/STM32F4xx_HAL_Driver/Src/stm32f4xx_hal_cortex.o
                0x0000000008000c5e                HAL_NVIC_SetPriority
 .text.HAL_NVIC_EnableIRQ
                0x0000000008000c96       0x1c ./Drivers/STM32F4xx_HAL_Driver/Src/stm32f4xx_hal_cortex.o
                0x0000000008000c96                HAL_NVIC_EnableIRQ
 .text.HAL_SYSTICK_Config
                0x0000000008000cb2       0x18 ./Drivers/STM32F4xx_HAL_Driver/Src/stm32f4xx_hal_cortex.o
                0x0000000008000cb2                HAL_SYSTICK_Config
 *fill*         0x0000000008000cca        0x2 
 .text.HAL_GPIO_Init
                0x0000000008000ccc      0x338 ./Drivers/STM32F4xx_HAL_Driver/Src/stm32f4xx_hal_gpio.o
                0x0000000008000ccc                HAL_GPIO_Init
 .text.HAL_GPIO_WritePin
                0x0000000008001004       0x32 ./Drivers/STM32F4xx_HAL_Driver/Src/stm32f4xx_hal_gpio.o
                0x0000000008001004                HAL_GPIO_WritePin
 .text.HAL_GPIO_TogglePin
                0x0000000008001036       0x34 ./Drivers/STM32F4xx_HAL_Driver/Src/stm32f4xx_hal_gpio.o
                0x0000000008001036                HAL_GPIO_TogglePin
 .text.HAL_PCD_Init
                0x000000000800106a      0x21e ./Drivers/STM32F4xx_HAL_Driver/Src/stm32f4xx_hal_pcd.o
                0x000000000800106a                HAL_PCD_Init
 .text.HAL_PCD_Start
                0x0000000008001288       0x6a ./Drivers/STM32F4xx_HAL_Driver/Src/stm32f4xx_hal_pcd.o
                0x0000000008001288                HAL_PCD_Start
 .text.HAL_PCD_IRQHandler
                0x00000000080012f2      0x942 ./Drivers/STM32F4xx_HAL_Driver/Src/stm32f4xx_hal_pcd.o
                0x00000000080012f2                HAL_PCD_IRQHandler
 .text.HAL_PCD_SetAddress
                0x0000000008001c34       0x48 ./Drivers/STM32F4xx_HAL_Driver/Src/stm32f4xx_hal_pcd.o
                0x0000000008001c34                HAL_PCD_SetAddress
 .text.HAL_PCD_EP_Open
                0x0000000008001c7c       0xd0 ./Drivers/STM32F4xx_HAL_Driver/Src/stm32f4xx_hal_pcd.o
                0x0000000008001c7c                HAL_PCD_EP_Open
 .text.HAL_PCD_EP_Close
                0x0000000008001d4c       0x94 ./Drivers/STM32F4xx_HAL_Driver/Src/stm32f4xx_hal_pcd.o
                0x0000000008001d4c                HAL_PCD_EP_Close
 .text.HAL_PCD_EP_Receive
                0x0000000008001de0       0x76 ./Drivers/STM32F4xx_HAL_Driver/Src/stm32f4xx_hal_pcd.o
                0x0000000008001de0                HAL_PCD_EP_Receive
 .text.HAL_PCD_EP_Transmit
                0x0000000008001e56       0x74 ./Drivers/STM32F4xx_HAL_Driver/Src/stm32f4xx_hal_pcd.o
                0x0000000008001e56                HAL_PCD_EP_Transmit
 .text.HAL_PCD_EP_SetStall
                0x0000000008001eca       0xc6 ./Drivers/STM32F4xx_HAL_Driver/Src/stm32f4xx_hal_pcd.o
                0x0000000008001eca                HAL_PCD_EP_SetStall
 .text.HAL_PCD_EP_ClrStall
                0x0000000008001f90       0xac ./Drivers/STM32F4xx_HAL_Driver/Src/stm32f4xx_hal_pcd.o
                0x0000000008001f90                HAL_PCD_EP_ClrStall
 .text.HAL_PCD_EP_Abort
                0x000000000800203c       0x62 ./Drivers/STM32F4xx_HAL_Driver/Src/stm32f4xx_hal_pcd.o
                0x000000000800203c                HAL_PCD_EP_Abort
 .text.PCD_WriteEmptyTxFifo
                0x000000000800209e      0x118 ./Drivers/STM32F4xx_HAL_Driver/Src/stm32f4xx_hal_pcd.o
 *fill*         0x00000000080021b6        0x2 
 .text.PCD_EP_OutXfrComplete_int
                0x00000000080021b8      0x1d0 ./Drivers/STM32F4xx_HAL_Driver/Src/stm32f4xx_hal_pcd.o
 .text.PCD_EP_OutSetupPacket_int
                0x0000000008002388       0x8c ./Drivers/STM32F4xx_HAL_Driver/Src/stm32f4xx_hal_pcd.o
 .text.HAL_PCDEx_SetTxFiFo
                0x0000000008002414       0x8e ./Drivers/STM32F4xx_HAL_Driver/Src/stm32f4xx_hal_pcd_ex.o
                0x0000000008002414                HAL_PCDEx_SetTxFiFo
 .text.HAL_PCDEx_SetRxFiFo
                0x00000000080024a2       0x22 ./Drivers/STM32F4xx_HAL_Driver/Src/stm32f4xx_hal_pcd_ex.o
                0x00000000080024a2                HAL_PCDEx_SetRxFiFo
 .text.HAL_PCDEx_LPM_Callback
                0x00000000080024c4       0x18 ./Drivers/STM32F4xx_HAL_Driver/Src/stm32f4xx_hal_pcd_ex.o
                0x00000000080024c4                HAL_PCDEx_LPM_Callback
 .text.HAL_RCC_OscConfig
                0x00000000080024dc      0x4f0 ./Drivers/STM32F4xx_HAL_Driver/Src/stm32f4xx_hal_rcc.o
                0x00000000080024dc                HAL_RCC_OscConfig
 .text.HAL_RCC_ClockConfig
                0x00000000080029cc      0x1cc ./Drivers/STM32F4xx_HAL_Driver/Src/stm32f4xx_hal_rcc.o
                0x00000000080029cc                HAL_RCC_ClockConfig
 .text.HAL_RCC_GetSysClockFreq
                0x0000000008002b98      0x20c ./Drivers/STM32F4xx_HAL_Driver/Src/stm32f4xx_hal_rcc.o
                0x0000000008002b98                HAL_RCC_GetSysClockFreq
 .text.HAL_RCC_GetHCLKFreq
                0x0000000008002da4       0x18 ./Drivers/STM32F4xx_HAL_Driver/Src/stm32f4xx_hal_rcc.o
                0x0000000008002da4                HAL_RCC_GetHCLKFreq
 .text.HAL_RCC_GetPCLK1Freq
                0x0000000008002dbc       0x28 ./Drivers/STM32F4xx_HAL_Driver/Src/stm32f4xx_hal_rcc.o
                0x0000000008002dbc                HAL_RCC_GetPCLK1Freq
 .text.HAL_RCC_GetPCLK2Freq
                0x0000000008002de4       0x28 ./Drivers/STM32F4xx_HAL_Driver/Src/stm32f4xx_hal_rcc.o
                0x0000000008002de4                HAL_RCC_GetPCLK2Freq
 .text.HAL_UART_Init
                0x0000000008002e0c       0xa0 ./Drivers/STM32F4xx_HAL_Driver/Src/stm32f4xx_hal_uart.o
                0x0000000008002e0c                HAL_UART_Init
 .text.UART_SetConfig
                0x0000000008002eac      0x4e8 ./Drivers/STM32F4xx_HAL_Driver/Src/stm32f4xx_hal_uart.o
 .text.USB_CoreInit
                0x0000000008003394       0xc8 ./Drivers/STM32F4xx_HAL_Driver/Src/stm32f4xx_ll_usb.o
                0x0000000008003394                USB_CoreInit
 .text.USB_SetTurnaroundTime
                0x000000000800345c      0x144 ./Drivers/STM32F4xx_HAL_Driver/Src/stm32f4xx_ll_usb.o
                0x000000000800345c                USB_SetTurnaroundTime
 .text.USB_EnableGlobalInt
                0x00000000080035a0       0x22 ./Drivers/STM32F4xx_HAL_Driver/Src/stm32f4xx_ll_usb.o
                0x00000000080035a0                USB_EnableGlobalInt
 .text.USB_DisableGlobalInt
                0x00000000080035c2       0x22 ./Drivers/STM32F4xx_HAL_Driver/Src/stm32f4xx_ll_usb.o
                0x00000000080035c2                USB_DisableGlobalInt
 .text.USB_SetCurrentMode
                0x00000000080035e4       0x98 ./Drivers/STM32F4xx_HAL_Driver/Src/stm32f4xx_ll_usb.o
                0x00000000080035e4                USB_SetCurrentMode
 .text.USB_DevInit
                0x000000000800367c      0x2c8 ./Drivers/STM32F4xx_HAL_Driver/Src/stm32f4xx_ll_usb.o
                0x000000000800367c                USB_DevInit
 .text.USB_FlushTxFifo
                0x0000000008003944       0x64 ./Drivers/STM32F4xx_HAL_Driver/Src/stm32f4xx_ll_usb.o
                0x0000000008003944                USB_FlushTxFifo
 .text.USB_FlushRxFifo
                0x00000000080039a8       0x5c ./Drivers/STM32F4xx_HAL_Driver/Src/stm32f4xx_ll_usb.o
                0x00000000080039a8                USB_FlushRxFifo
 .text.USB_SetDevSpeed
                0x0000000008003a04       0x32 ./Drivers/STM32F4xx_HAL_Driver/Src/stm32f4xx_ll_usb.o
                0x0000000008003a04                USB_SetDevSpeed
 .text.USB_GetDevSpeed
                0x0000000008003a36       0x4a ./Drivers/STM32F4xx_HAL_Driver/Src/stm32f4xx_ll_usb.o
                0x0000000008003a36                USB_GetDevSpeed
 .text.USB_ActivateEndpoint
                0x0000000008003a80      0x10e ./Drivers/STM32F4xx_HAL_Driver/Src/stm32f4xx_ll_usb.o
                0x0000000008003a80                USB_ActivateEndpoint
 *fill*         0x0000000008003b8e        0x2 
 .text.USB_DeactivateEndpoint
                0x0000000008003b90      0x1b8 ./Drivers/STM32F4xx_HAL_Driver/Src/stm32f4xx_ll_usb.o
                0x0000000008003b90                USB_DeactivateEndpoint
 .text.USB_EPStartXfer
                0x0000000008003d48      0x530 ./Drivers/STM32F4xx_HAL_Driver/Src/stm32f4xx_ll_usb.o
                0x0000000008003d48                USB_EPStartXfer
 .text.USB_EPStopXfer
                0x0000000008004278      0x154 ./Drivers/STM32F4xx_HAL_Driver/Src/stm32f4xx_ll_usb.o
                0x0000000008004278                USB_EPStopXfer
 .text.USB_WritePacket
                0x00000000080043cc       0x7c ./Drivers/STM32F4xx_HAL_Driver/Src/stm32f4xx_ll_usb.o
                0x00000000080043cc                USB_WritePacket
 .text.USB_ReadPacket
                0x0000000008004448       0xb0 ./Drivers/STM32F4xx_HAL_Driver/Src/stm32f4xx_ll_usb.o
                0x0000000008004448                USB_ReadPacket
 .text.USB_EPSetStall
                0x00000000080044f8       0xdc ./Drivers/STM32F4xx_HAL_Driver/Src/stm32f4xx_ll_usb.o
                0x00000000080044f8                USB_EPSetStall
 .text.USB_EPClearStall
                0x00000000080045d4       0xcc ./Drivers/STM32F4xx_HAL_Driver/Src/stm32f4xx_ll_usb.o
                0x00000000080045d4                USB_EPClearStall
 .text.USB_SetDevAddress
                0x00000000080046a0       0x4c ./Drivers/STM32F4xx_HAL_Driver/Src/stm32f4xx_ll_usb.o
                0x00000000080046a0                USB_SetDevAddress
 .text.USB_DevConnect
                0x00000000080046ec       0x42 ./Drivers/STM32F4xx_HAL_Driver/Src/stm32f4xx_ll_usb.o
                0x00000000080046ec                USB_DevConnect
 .text.USB_DevDisconnect
                0x000000000800472e       0x42 ./Drivers/STM32F4xx_HAL_Driver/Src/stm32f4xx_ll_usb.o
                0x000000000800472e                USB_DevDisconnect
 .text.USB_ReadInterrupts
                0x0000000008004770       0x26 ./Drivers/STM32F4xx_HAL_Driver/Src/stm32f4xx_ll_usb.o
                0x0000000008004770                USB_ReadInterrupts
 .text.USB_ReadDevAllOutEpInterrupt
                0x0000000008004796       0x34 ./Drivers/STM32F4xx_HAL_Driver/Src/stm32f4xx_ll_usb.o
                0x0000000008004796                USB_ReadDevAllOutEpInterrupt
 .text.USB_ReadDevAllInEpInterrupt
                0x00000000080047ca       0x34 ./Drivers/STM32F4xx_HAL_Driver/Src/stm32f4xx_ll_usb.o
                0x00000000080047ca                USB_ReadDevAllInEpInterrupt
 .text.USB_ReadDevOutEPInterrupt
                0x00000000080047fe       0x3c ./Drivers/STM32F4xx_HAL_Driver/Src/stm32f4xx_ll_usb.o
                0x00000000080047fe                USB_ReadDevOutEPInterrupt
 .text.USB_ReadDevInEPInterrupt
                0x000000000800483a       0x5c ./Drivers/STM32F4xx_HAL_Driver/Src/stm32f4xx_ll_usb.o
                0x000000000800483a                USB_ReadDevInEPInterrupt
 .text.USB_GetMode
                0x0000000008004896       0x1c ./Drivers/STM32F4xx_HAL_Driver/Src/stm32f4xx_ll_usb.o
                0x0000000008004896                USB_GetMode
 .text.USB_ActivateSetup
                0x00000000080048b2       0x46 ./Drivers/STM32F4xx_HAL_Driver/Src/stm32f4xx_ll_usb.o
                0x00000000080048b2                USB_ActivateSetup
 .text.USB_EP0_OutStart
                0x00000000080048f8       0xbc ./Drivers/STM32F4xx_HAL_Driver/Src/stm32f4xx_ll_usb.o
                0x00000000080048f8                USB_EP0_OutStart
 .text.USB_CoreReset
                0x00000000080049b4       0x62 ./Drivers/STM32F4xx_HAL_Driver/Src/stm32f4xx_ll_usb.o
 *fill*         0x0000000008004a16        0x2 
 .text.USBD_CUSTOM_HID_Init
                0x0000000008004a18      0x158 ./Middlewares/ST/STM32_USB_Device_Library/Class/CustomHID/Src/usbd_customhid.o
 .text.USBD_CUSTOM_HID_DeInit
                0x0000000008004b70       0xf4 ./Middlewares/ST/STM32_USB_Device_Library/Class/CustomHID/Src/usbd_customhid.o
 .text.USBD_CUSTOM_HID_Setup
                0x0000000008004c64      0x234 ./Middlewares/ST/STM32_USB_Device_Library/Class/CustomHID/Src/usbd_customhid.o
 .text.USBD_CUSTOM_HID_GetFSCfgDesc
                0x0000000008004e98       0x64 ./Middlewares/ST/STM32_USB_Device_Library/Class/CustomHID/Src/usbd_customhid.o
 .text.USBD_CUSTOM_HID_GetHSCfgDesc
                0x0000000008004efc       0x64 ./Middlewares/ST/STM32_USB_Device_Library/Class/CustomHID/Src/usbd_customhid.o
 .text.USBD_CUSTOM_HID_GetOtherSpeedCfgDesc
                0x0000000008004f60       0x64 ./Middlewares/ST/STM32_USB_Device_Library/Class/CustomHID/Src/usbd_customhid.o
 .text.USBD_CUSTOM_HID_DataIn
                0x0000000008004fc4       0x2e ./Middlewares/ST/STM32_USB_Device_Library/Class/CustomHID/Src/usbd_customhid.o
 *fill*         0x0000000008004ff2        0x2 
 .text.USBD_CUSTOM_HID_DataOut
                0x0000000008004ff4       0x88 ./Middlewares/ST/STM32_USB_Device_Library/Class/CustomHID/Src/usbd_customhid.o
 .text.USBD_CUSTOM_HID_ReceivePacket
                0x000000000800507c       0x4c ./Middlewares/ST/STM32_USB_Device_Library/Class/CustomHID/Src/usbd_customhid.o
                0x000000000800507c                USBD_CUSTOM_HID_ReceivePacket
 .text.USBD_CUSTOM_HID_EP0_RxReady
                0x00000000080050c8       0x58 ./Middlewares/ST/STM32_USB_Device_Library/Class/CustomHID/Src/usbd_customhid.o
 .text.USBD_CUSTOM_HID_GetDeviceQualifierDesc
                0x0000000008005120       0x20 ./Middlewares/ST/STM32_USB_Device_Library/Class/CustomHID/Src/usbd_customhid.o
 .text.USBD_CUSTOM_HID_RegisterInterface
                0x0000000008005140       0x34 ./Middlewares/ST/STM32_USB_Device_Library/Class/CustomHID/Src/usbd_customhid.o
                0x0000000008005140                USBD_CUSTOM_HID_RegisterInterface
 .text.USBD_Init
                0x0000000008005174       0x60 ./Middlewares/ST/STM32_USB_Device_Library/Core/Src/usbd_core.o
                0x0000000008005174                USBD_Init
 .text.USBD_RegisterClass
                0x00000000080051d4       0x6c ./Middlewares/ST/STM32_USB_Device_Library/Core/Src/usbd_core.o
                0x00000000080051d4                USBD_RegisterClass
 .text.USBD_Start
                0x0000000008005240       0x18 ./Middlewares/ST/STM32_USB_Device_Library/Core/Src/usbd_core.o
                0x0000000008005240                USBD_Start
 .text.USBD_RunTestMode
                0x0000000008005258       0x16 ./Middlewares/ST/STM32_USB_Device_Library/Core/Src/usbd_core.o
                0x0000000008005258                USBD_RunTestMode
 .text.USBD_SetClassConfig
                0x000000000800526e       0x38 ./Middlewares/ST/STM32_USB_Device_Library/Core/Src/usbd_core.o
                0x000000000800526e                USBD_SetClassConfig
 .text.USBD_ClrClassConfig
                0x00000000080052a6       0x34 ./Middlewares/ST/STM32_USB_Device_Library/Core/Src/usbd_core.o
                0x00000000080052a6                USBD_ClrClassConfig
 .text.USBD_LL_SetupStage
                0x00000000080052da       0xaa ./Middlewares/ST/STM32_USB_Device_Library/Core/Src/usbd_core.o
                0x00000000080052da                USBD_LL_SetupStage
 .text.USBD_LL_DataOutStage
                0x0000000008005384      0x166 ./Middlewares/ST/STM32_USB_Device_Library/Core/Src/usbd_core.o
                0x0000000008005384                USBD_LL_DataOutStage
 .text.USBD_LL_DataInStage
                0x00000000080054ea      0x164 ./Middlewares/ST/STM32_USB_Device_Library/Core/Src/usbd_core.o
                0x00000000080054ea                USBD_LL_DataInStage
 .text.USBD_LL_Reset
                0x000000000800564e       0xa4 ./Middlewares/ST/STM32_USB_Device_Library/Core/Src/usbd_core.o
                0x000000000800564e                USBD_LL_Reset
 .text.USBD_LL_SetSpeed
                0x00000000080056f2       0x20 ./Middlewares/ST/STM32_USB_Device_Library/Core/Src/usbd_core.o
                0x00000000080056f2                USBD_LL_SetSpeed
 .text.USBD_LL_Suspend
                0x0000000008005712       0x38 ./Middlewares/ST/STM32_USB_Device_Library/Core/Src/usbd_core.o
                0x0000000008005712                USBD_LL_Suspend
 .text.USBD_LL_Resume
                0x000000000800574a       0x30 ./Middlewares/ST/STM32_USB_Device_Library/Core/Src/usbd_core.o
                0x000000000800574a                USBD_LL_Resume
 .text.USBD_LL_SOF
                0x000000000800577a       0x40 ./Middlewares/ST/STM32_USB_Device_Library/Core/Src/usbd_core.o
                0x000000000800577a                USBD_LL_SOF
 .text.USBD_LL_IsoINIncomplete
                0x00000000080057ba       0x64 ./Middlewares/ST/STM32_USB_Device_Library/Core/Src/usbd_core.o
                0x00000000080057ba                USBD_LL_IsoINIncomplete
 .text.USBD_LL_IsoOUTIncomplete
                0x000000000800581e       0x64 ./Middlewares/ST/STM32_USB_Device_Library/Core/Src/usbd_core.o
                0x000000000800581e                USBD_LL_IsoOUTIncomplete
 .text.USBD_LL_DevConnected
                0x0000000008005882       0x16 ./Middlewares/ST/STM32_USB_Device_Library/Core/Src/usbd_core.o
                0x0000000008005882                USBD_LL_DevConnected
 .text.USBD_LL_DevDisconnected
                0x0000000008005898       0x46 ./Middlewares/ST/STM32_USB_Device_Library/Core/Src/usbd_core.o
                0x0000000008005898                USBD_LL_DevDisconnected
 .text.USBD_CoreFindIF
                0x00000000080058de       0x1a ./Middlewares/ST/STM32_USB_Device_Library/Core/Src/usbd_core.o
                0x00000000080058de                USBD_CoreFindIF
 .text.USBD_CoreFindEP
                0x00000000080058f8       0x1a ./Middlewares/ST/STM32_USB_Device_Library/Core/Src/usbd_core.o
                0x00000000080058f8                USBD_CoreFindEP
 .text.USBD_GetEpDesc
                0x0000000008005912       0x74 ./Middlewares/ST/STM32_USB_Device_Library/Core/Src/usbd_core.o
                0x0000000008005912                USBD_GetEpDesc
 .text.USBD_GetNextDesc
                0x0000000008005986       0x3a ./Middlewares/ST/STM32_USB_Device_Library/Core/Src/usbd_core.o
                0x0000000008005986                USBD_GetNextDesc
 .text.SWAPBYTE
                0x00000000080059c0       0x3c ./Middlewares/ST/STM32_USB_Device_Library/Core/Src/usbd_ctlreq.o
 .text.USBD_StdDevReq
                0x00000000080059fc       0xe4 ./Middlewares/ST/STM32_USB_Device_Library/Core/Src/usbd_ctlreq.o
                0x00000000080059fc                USBD_StdDevReq
 .text.USBD_StdItfReq
                0x0000000008005ae0       0xd8 ./Middlewares/ST/STM32_USB_Device_Library/Core/Src/usbd_ctlreq.o
                0x0000000008005ae0                USBD_StdItfReq
 .text.USBD_StdEPReq
                0x0000000008005bb8      0x33a ./Middlewares/ST/STM32_USB_Device_Library/Core/Src/usbd_ctlreq.o
                0x0000000008005bb8                USBD_StdEPReq
 *fill*         0x0000000008005ef2        0x2 
 .text.USBD_GetDescriptor
                0x0000000008005ef4      0x2d4 ./Middlewares/ST/STM32_USB_Device_Library/Core/Src/usbd_ctlreq.o
 .text.USBD_SetAddress
                0x00000000080061c8       0x88 ./Middlewares/ST/STM32_USB_Device_Library/Core/Src/usbd_ctlreq.o
 .text.USBD_SetConfig
                0x0000000008006250      0x154 ./Middlewares/ST/STM32_USB_Device_Library/Core/Src/usbd_ctlreq.o
 .text.USBD_GetConfig
                0x00000000080063a4       0x6c ./Middlewares/ST/STM32_USB_Device_Library/Core/Src/usbd_ctlreq.o
 .text.USBD_GetStatus
                0x0000000008006410       0x68 ./Middlewares/ST/STM32_USB_Device_Library/Core/Src/usbd_ctlreq.o
 .text.USBD_SetFeature
                0x0000000008006478       0x52 ./Middlewares/ST/STM32_USB_Device_Library/Core/Src/usbd_ctlreq.o
 .text.USBD_ClrFeature
                0x00000000080064ca       0x44 ./Middlewares/ST/STM32_USB_Device_Library/Core/Src/usbd_ctlreq.o
 .text.USBD_ParseSetupRequest
                0x000000000800650e       0x74 ./Middlewares/ST/STM32_USB_Device_Library/Core/Src/usbd_ctlreq.o
                0x000000000800650e                USBD_ParseSetupRequest
 .text.USBD_CtlError
                0x0000000008006582       0x22 ./Middlewares/ST/STM32_USB_Device_Library/Core/Src/usbd_ctlreq.o
                0x0000000008006582                USBD_CtlError
 .text.USBD_GetString
                0x00000000080065a4       0x8c ./Middlewares/ST/STM32_USB_Device_Library/Core/Src/usbd_ctlreq.o
                0x00000000080065a4                USBD_GetString
 .text.USBD_GetLen
                0x0000000008006630       0x34 ./Middlewares/ST/STM32_USB_Device_Library/Core/Src/usbd_ctlreq.o
 .text.USBD_CtlSendData
                0x0000000008006664       0x36 ./Middlewares/ST/STM32_USB_Device_Library/Core/Src/usbd_ioreq.o
                0x0000000008006664                USBD_CtlSendData
 .text.USBD_CtlContinueSendData
                0x000000000800669a       0x22 ./Middlewares/ST/STM32_USB_Device_Library/Core/Src/usbd_ioreq.o
                0x000000000800669a                USBD_CtlContinueSendData
 .text.USBD_CtlPrepareRx
                0x00000000080066bc       0x3a ./Middlewares/ST/STM32_USB_Device_Library/Core/Src/usbd_ioreq.o
                0x00000000080066bc                USBD_CtlPrepareRx
 .text.USBD_CtlContinueRx
                0x00000000080066f6       0x22 ./Middlewares/ST/STM32_USB_Device_Library/Core/Src/usbd_ioreq.o
                0x00000000080066f6                USBD_CtlContinueRx
 .text.USBD_CtlSendStatus
                0x0000000008006718       0x26 ./Middlewares/ST/STM32_USB_Device_Library/Core/Src/usbd_ioreq.o
                0x0000000008006718                USBD_CtlSendStatus
 .text.USBD_CtlReceiveStatus
                0x000000000800673e       0x26 ./Middlewares/ST/STM32_USB_Device_Library/Core/Src/usbd_ioreq.o
                0x000000000800673e                USBD_CtlReceiveStatus
 .text.MX_USB_DEVICE_Init
                0x0000000008006764       0x60 ./USB_DEVICE/App/usb_device.o
                0x0000000008006764                MX_USB_DEVICE_Init
 .text.CUSTOM_HID_Init_FS
                0x00000000080067c4       0x10 ./USB_DEVICE/App/usbd_custom_hid_if.o
 .text.CUSTOM_HID_DeInit_FS
                0x00000000080067d4       0x10 ./USB_DEVICE/App/usbd_custom_hid_if.o
 .text.CUSTOM_HID_OutEvent_FS
                0x00000000080067e4       0x30 ./USB_DEVICE/App/usbd_custom_hid_if.o
 .text.USBD_FS_DeviceDescriptor
                0x0000000008006814       0x24 ./USB_DEVICE/App/usbd_desc.o
                0x0000000008006814                USBD_FS_DeviceDescriptor
 .text.USBD_FS_LangIDStrDescriptor
                0x0000000008006838       0x24 ./USB_DEVICE/App/usbd_desc.o
                0x0000000008006838                USBD_FS_LangIDStrDescriptor
 .text.USBD_FS_ProductStrDescriptor
                0x000000000800685c       0x3c ./USB_DEVICE/App/usbd_desc.o
                0x000000000800685c                USBD_FS_ProductStrDescriptor
 .text.USBD_FS_ManufacturerStrDescriptor
                0x0000000008006898       0x28 ./USB_DEVICE/App/usbd_desc.o
                0x0000000008006898                USBD_FS_ManufacturerStrDescriptor
 .text.USBD_FS_SerialStrDescriptor
                0x00000000080068c0       0x24 ./USB_DEVICE/App/usbd_desc.o
                0x00000000080068c0                USBD_FS_SerialStrDescriptor
 .text.USBD_FS_ConfigStrDescriptor
                0x00000000080068e4       0x3c ./USB_DEVICE/App/usbd_desc.o
                0x00000000080068e4                USBD_FS_ConfigStrDescriptor
 .text.USBD_FS_InterfaceStrDescriptor
                0x0000000008006920       0x3c ./USB_DEVICE/App/usbd_desc.o
                0x0000000008006920                USBD_FS_InterfaceStrDescriptor
 .text.Get_SerialNum
                0x000000000800695c       0x58 ./USB_DEVICE/App/usbd_desc.o
 .text.IntToUnicode
                0x00000000080069b4       0x7e ./USB_DEVICE/App/usbd_desc.o
 *fill*         0x0000000008006a32        0x2 
 .text.HAL_PCD_MspInit
                0x0000000008006a34       0xa8 ./USB_DEVICE/Target/usbd_conf.o
                0x0000000008006a34                HAL_PCD_MspInit
 .text.HAL_PCD_SetupStageCallback
                0x0000000008006adc       0x24 ./USB_DEVICE/Target/usbd_conf.o
                0x0000000008006adc                HAL_PCD_SetupStageCallback
 .text.HAL_PCD_DataOutStageCallback
                0x0000000008006b00       0x36 ./USB_DEVICE/Target/usbd_conf.o
                0x0000000008006b00                HAL_PCD_DataOutStageCallback
 .text.HAL_PCD_DataInStageCallback
                0x0000000008006b36       0x34 ./USB_DEVICE/Target/usbd_conf.o
                0x0000000008006b36                HAL_PCD_DataInStageCallback
 .text.HAL_PCD_SOFCallback
                0x0000000008006b6a       0x1c ./USB_DEVICE/Target/usbd_conf.o
                0x0000000008006b6a                HAL_PCD_SOFCallback
 .text.HAL_PCD_ResetCallback
                0x0000000008006b86       0x50 ./USB_DEVICE/Target/usbd_conf.o
                0x0000000008006b86                HAL_PCD_ResetCallback
 *fill*         0x0000000008006bd6        0x2 
 .text.HAL_PCD_SuspendCallback
                0x0000000008006bd8       0x4c ./USB_DEVICE/Target/usbd_conf.o
                0x0000000008006bd8                HAL_PCD_SuspendCallback
 .text.HAL_PCD_ResumeCallback
                0x0000000008006c24       0x1c ./USB_DEVICE/Target/usbd_conf.o
                0x0000000008006c24                HAL_PCD_ResumeCallback
 .text.HAL_PCD_ISOOUTIncompleteCallback
                0x0000000008006c40       0x24 ./USB_DEVICE/Target/usbd_conf.o
                0x0000000008006c40                HAL_PCD_ISOOUTIncompleteCallback
 .text.HAL_PCD_ISOINIncompleteCallback
                0x0000000008006c64       0x24 ./USB_DEVICE/Target/usbd_conf.o
                0x0000000008006c64                HAL_PCD_ISOINIncompleteCallback
 .text.HAL_PCD_ConnectCallback
                0x0000000008006c88       0x1c ./USB_DEVICE/Target/usbd_conf.o
                0x0000000008006c88                HAL_PCD_ConnectCallback
 .text.HAL_PCD_DisconnectCallback
                0x0000000008006ca4       0x1c ./USB_DEVICE/Target/usbd_conf.o
                0x0000000008006ca4                HAL_PCD_DisconnectCallback
 .text.USBD_LL_Init
                0x0000000008006cc0       0x98 ./USB_DEVICE/Target/usbd_conf.o
                0x0000000008006cc0                USBD_LL_Init
 .text.USBD_LL_Start
                0x0000000008006d58       0x36 ./USB_DEVICE/Target/usbd_conf.o
                0x0000000008006d58                USBD_LL_Start
 .text.USBD_LL_OpenEP
                0x0000000008006d8e       0x4c ./USB_DEVICE/Target/usbd_conf.o
                0x0000000008006d8e                USBD_LL_OpenEP
 .text.USBD_LL_CloseEP
                0x0000000008006dda       0x3e ./USB_DEVICE/Target/usbd_conf.o
                0x0000000008006dda                USBD_LL_CloseEP
 .text.USBD_LL_StallEP
                0x0000000008006e18       0x3e ./USB_DEVICE/Target/usbd_conf.o
                0x0000000008006e18                USBD_LL_StallEP
 .text.USBD_LL_ClearStallEP
                0x0000000008006e56       0x3e ./USB_DEVICE/Target/usbd_conf.o
                0x0000000008006e56                USBD_LL_ClearStallEP
 .text.USBD_LL_IsStallEP
                0x0000000008006e94       0x58 ./USB_DEVICE/Target/usbd_conf.o
                0x0000000008006e94                USBD_LL_IsStallEP
 .text.USBD_LL_SetUSBAddress
                0x0000000008006eec       0x3e ./USB_DEVICE/Target/usbd_conf.o
                0x0000000008006eec                USBD_LL_SetUSBAddress
 .text.USBD_LL_Transmit
                0x0000000008006f2a       0x42 ./USB_DEVICE/Target/usbd_conf.o
                0x0000000008006f2a                USBD_LL_Transmit
 .text.USBD_LL_PrepareReceive
                0x0000000008006f6c       0x42 ./USB_DEVICE/Target/usbd_conf.o
                0x0000000008006f6c                USBD_LL_PrepareReceive
 *fill*         0x0000000008006fae        0x2 
 .text.USBD_static_malloc
                0x0000000008006fb0       0x1c ./USB_DEVICE/Target/usbd_conf.o
                0x0000000008006fb0                USBD_static_malloc
 .text.USBD_static_free
                0x0000000008006fcc       0x14 ./USB_DEVICE/Target/usbd_conf.o
                0x0000000008006fcc                USBD_static_free
 .text.USBD_Get_USB_Status
                0x0000000008006fe0       0x58 ./USB_DEVICE/Target/usbd_conf.o
                0x0000000008006fe0                USBD_Get_USB_Status
 .text.memset   0x0000000008007038       0x10 C:/ST/STM32CubeIDE_1.14.1/STM32CubeIDE/plugins/com.st.stm32cube.ide.mcu.externaltools.gnu-tools-for-stm32.11.3.rel1.win32_1.1.100.202309141235/tools/bin/../lib/gcc/arm-none-eabi/11.3.1/../../../../arm-none-eabi/lib/thumb/v7e-m+fp/hard\libc_nano.a(libc_a-memset.o)
                0x0000000008007038                memset
 .text.strncmp  0x0000000008007048       0x24 C:/ST/STM32CubeIDE_1.14.1/STM32CubeIDE/plugins/com.st.stm32cube.ide.mcu.externaltools.gnu-tools-for-stm32.11.3.rel1.win32_1.1.100.202309141235/tools/bin/../lib/gcc/arm-none-eabi/11.3.1/../../../../arm-none-eabi/lib/thumb/v7e-m+fp/hard\libc_nano.a(libc_a-strncmp.o)
                0x0000000008007048                strncmp
 .text.__libc_init_array
                0x000000000800706c       0x48 C:/ST/STM32CubeIDE_1.14.1/STM32CubeIDE/plugins/com.st.stm32cube.ide.mcu.externaltools.gnu-tools-for-stm32.11.3.rel1.win32_1.1.100.202309141235/tools/bin/../lib/gcc/arm-none-eabi/11.3.1/../../../../arm-none-eabi/lib/thumb/v7e-m+fp/hard\libc_nano.a(libc_a-init.o)
                0x000000000800706c                __libc_init_array
 *(.glue_7)
 .glue_7        0x00000000080070b4        0x0 linker stubs
 *(.glue_7t)
 .glue_7t       0x00000000080070b4        0x0 linker stubs
 *(.eh_frame)
 .eh_frame      0x00000000080070b4        0x0 C:/ST/STM32CubeIDE_1.14.1/STM32CubeIDE/plugins/com.st.stm32cube.ide.mcu.externaltools.gnu-tools-for-stm32.11.3.rel1.win32_1.1.100.202309141235/tools/bin/../lib/gcc/arm-none-eabi/11.3.1/thumb/v7e-m+fp/hard/crtbegin.o
 *(.init)
 .init          0x00000000080070b4        0x4 C:/ST/STM32CubeIDE_1.14.1/STM32CubeIDE/plugins/com.st.stm32cube.ide.mcu.externaltools.gnu-tools-for-stm32.11.3.rel1.win32_1.1.100.202309141235/tools/bin/../lib/gcc/arm-none-eabi/11.3.1/thumb/v7e-m+fp/hard/crti.o
                0x00000000080070b4                _init
 .init          0x00000000080070b8        0x8 C:/ST/STM32CubeIDE_1.14.1/STM32CubeIDE/plugins/com.st.stm32cube.ide.mcu.externaltools.gnu-tools-for-stm32.11.3.rel1.win32_1.1.100.202309141235/tools/bin/../lib/gcc/arm-none-eabi/11.3.1/thumb/v7e-m+fp/hard/crtn.o
 *(.fini)
 .fini          0x00000000080070c0        0x4 C:/ST/STM32CubeIDE_1.14.1/STM32CubeIDE/plugins/com.st.stm32cube.ide.mcu.externaltools.gnu-tools-for-stm32.11.3.rel1.win32_1.1.100.202309141235/tools/bin/../lib/gcc/arm-none-eabi/11.3.1/thumb/v7e-m+fp/hard/crti.o
                0x00000000080070c0                _fini
 .fini          0x00000000080070c4        0x8 C:/ST/STM32CubeIDE_1.14.1/STM32CubeIDE/plugins/com.st.stm32cube.ide.mcu.externaltools.gnu-tools-for-stm32.11.3.rel1.win32_1.1.100.202309141235/tools/bin/../lib/gcc/arm-none-eabi/11.3.1/thumb/v7e-m+fp/hard/crtn.o
                0x00000000080070cc                . = ALIGN (0x4)
                0x00000000080070cc                _etext = .

.vfp11_veneer   0x00000000080070cc        0x0
 .vfp11_veneer  0x00000000080070cc        0x0 linker stubs

.v4_bx          0x00000000080070cc        0x0
 .v4_bx         0x00000000080070cc        0x0 linker stubs

.iplt           0x00000000080070cc        0x0
 .iplt          0x00000000080070cc        0x0 C:/ST/STM32CubeIDE_1.14.1/STM32CubeIDE/plugins/com.st.stm32cube.ide.mcu.externaltools.gnu-tools-for-stm32.11.3.rel1.win32_1.1.100.202309141235/tools/bin/../lib/gcc/arm-none-eabi/11.3.1/thumb/v7e-m+fp/hard/crtbegin.o

.rodata         0x00000000080070cc       0x6c
                0x00000000080070cc                . = ALIGN (0x4)
 *(.rodata)
 .rodata        0x00000000080070cc        0xe ./Core/Src/main.o
 *fill*         0x00000000080070da        0x2 
 .rodata        0x00000000080070dc       0x41 ./USB_DEVICE/App/usbd_desc.o
 *(.rodata*)
 *fill*         0x000000000800711d        0x3 
 .rodata.AHBPrescTable
                0x0000000008007120       0x10 ./Core/Src/system_stm32f4xx.o
                0x0000000008007120                AHBPrescTable
 .rodata.APBPrescTable
                0x0000000008007130        0x8 ./Core/Src/system_stm32f4xx.o
                0x0000000008007130                APBPrescTable
                0x0000000008007138                . = ALIGN (0x4)

.ARM.extab      0x0000000008007138        0x0
                0x0000000008007138                . = ALIGN (0x4)
 *(.ARM.extab* .gnu.linkonce.armextab.*)
                0x0000000008007138                . = ALIGN (0x4)

.ARM            0x0000000008007138        0x8
                0x0000000008007138                . = ALIGN (0x4)
                0x0000000008007138                __exidx_start = .
 *(.ARM.exidx*)
 .ARM.exidx     0x0000000008007138        0x8 C:/ST/STM32CubeIDE_1.14.1/STM32CubeIDE/plugins/com.st.stm32cube.ide.mcu.externaltools.gnu-tools-for-stm32.11.3.rel1.win32_1.1.100.202309141235/tools/bin/../lib/gcc/arm-none-eabi/11.3.1/thumb/v7e-m+fp/hard\libgcc.a(_udivmoddi4.o)
                0x0000000008007140                __exidx_end = .
                0x0000000008007140                . = ALIGN (0x4)

.rel.dyn        0x0000000008007140        0x0
 .rel.iplt      0x0000000008007140        0x0 C:/ST/STM32CubeIDE_1.14.1/STM32CubeIDE/plugins/com.st.stm32cube.ide.mcu.externaltools.gnu-tools-for-stm32.11.3.rel1.win32_1.1.100.202309141235/tools/bin/../lib/gcc/arm-none-eabi/11.3.1/thumb/v7e-m+fp/hard/crtbegin.o

.preinit_array  0x0000000008007140        0x0
                0x0000000008007140                . = ALIGN (0x4)
                0x0000000008007140                PROVIDE (__preinit_array_start = .)
 *(.preinit_array*)
                0x0000000008007140                PROVIDE (__preinit_array_end = .)
                0x0000000008007140                . = ALIGN (0x4)

.init_array     0x0000000008007140        0x4
                0x0000000008007140                . = ALIGN (0x4)
                0x0000000008007140                PROVIDE (__init_array_start = .)
 *(SORT_BY_NAME(.init_array.*))
 *(.init_array*)
 .init_array    0x0000000008007140        0x4 C:/ST/STM32CubeIDE_1.14.1/STM32CubeIDE/plugins/com.st.stm32cube.ide.mcu.externaltools.gnu-tools-for-stm32.11.3.rel1.win32_1.1.100.202309141235/tools/bin/../lib/gcc/arm-none-eabi/11.3.1/thumb/v7e-m+fp/hard/crtbegin.o
                0x0000000008007144                PROVIDE (__init_array_end = .)
                0x0000000008007144                . = ALIGN (0x4)

.fini_array     0x0000000008007144        0x4
                0x0000000008007144                . = ALIGN (0x4)
                [!provide]                        PROVIDE (__fini_array_start = .)
 *(SORT_BY_NAME(.fini_array.*))
 *(.fini_array*)
 .fini_array    0x0000000008007144        0x4 C:/ST/STM32CubeIDE_1.14.1/STM32CubeIDE/plugins/com.st.stm32cube.ide.mcu.externaltools.gnu-tools-for-stm32.11.3.rel1.win32_1.1.100.202309141235/tools/bin/../lib/gcc/arm-none-eabi/11.3.1/thumb/v7e-m+fp/hard/crtbegin.o
                [!provide]                        PROVIDE (__fini_array_end = .)
                0x0000000008007148                . = ALIGN (0x4)
                0x0000000008007148                _sidata = LOADADDR (.data)

.data           0x0000000020000000      0x14c load address 0x0000000008007148
                0x0000000020000000                . = ALIGN (0x4)
                0x0000000020000000                _sdata = .
 *(.data)
 *(.data*)
 .data.SystemCoreClock
                0x0000000020000000        0x4 ./Core/Src/system_stm32f4xx.o
                0x0000000020000000                SystemCoreClock
 .data.uwTickPrio
                0x0000000020000004        0x4 ./Drivers/STM32F4xx_HAL_Driver/Src/stm32f4xx_hal.o
                0x0000000020000004                uwTickPrio
 .data.uwTickFreq
                0x0000000020000008        0x1 ./Drivers/STM32F4xx_HAL_Driver/Src/stm32f4xx_hal.o
                0x0000000020000008                uwTickFreq
 *fill*         0x0000000020000009        0x3 
 .data.USBD_CUSTOM_HID
                0x000000002000000c       0x38 ./Middlewares/ST/STM32_USB_Device_Library/Class/CustomHID/Src/usbd_customhid.o
                0x000000002000000c                USBD_CUSTOM_HID
 .data.USBD_CUSTOM_HID_CfgDesc
                0x0000000020000044       0x29 ./Middlewares/ST/STM32_USB_Device_Library/Class/CustomHID/Src/usbd_customhid.o
 *fill*         0x000000002000006d        0x3 
 .data.USBD_CUSTOM_HID_Desc
                0x0000000020000070        0x9 ./Middlewares/ST/STM32_USB_Device_Library/Class/CustomHID/Src/usbd_customhid.o
 *fill*         0x0000000020000079        0x3 
 .data.USBD_CUSTOM_HID_DeviceQualifierDesc
                0x000000002000007c        0xa ./Middlewares/ST/STM32_USB_Device_Library/Class/CustomHID/Src/usbd_customhid.o
 .data.CUSTOMHIDInEpAdd
                0x0000000020000086        0x1 ./Middlewares/ST/STM32_USB_Device_Library/Class/CustomHID/Src/usbd_customhid.o
 .data.CUSTOMHIDOutEpAdd
                0x0000000020000087        0x1 ./Middlewares/ST/STM32_USB_Device_Library/Class/CustomHID/Src/usbd_customhid.o
 .data.CUSTOM_HID_ReportDesc_FS
                0x0000000020000088       0x62 ./USB_DEVICE/App/usbd_custom_hid_if.o
 *fill*         0x00000000200000ea        0x2 
 .data.USBD_CustomHID_fops_FS
                0x00000000200000ec       0x10 ./USB_DEVICE/App/usbd_custom_hid_if.o
                0x00000000200000ec                USBD_CustomHID_fops_FS
 .data.FS_Desc  0x00000000200000fc       0x1c ./USB_DEVICE/App/usbd_desc.o
                0x00000000200000fc                FS_Desc
 .data.USBD_FS_DeviceDesc
                0x0000000020000118       0x12 ./USB_DEVICE/App/usbd_desc.o
                0x0000000020000118                USBD_FS_DeviceDesc
 *fill*         0x000000002000012a        0x2 
 .data.USBD_LangIDDesc
                0x000000002000012c        0x4 ./USB_DEVICE/App/usbd_desc.o
                0x000000002000012c                USBD_LangIDDesc
 .data.USBD_StringSerial
                0x0000000020000130       0x1a ./USB_DEVICE/App/usbd_desc.o
                0x0000000020000130                USBD_StringSerial
 *(.RamFunc)
 *(.RamFunc*)
                0x000000002000014c                . = ALIGN (0x4)
 *fill*         0x000000002000014a        0x2 
                0x000000002000014c                _edata = .
                0x0000000008007294                _siccmram = LOADADDR (.ccmram)

.igot.plt       0x000000002000014c        0x0 load address 0x0000000008007294
 .igot.plt      0x000000002000014c        0x0 C:/ST/STM32CubeIDE_1.14.1/STM32CubeIDE/plugins/com.st.stm32cube.ide.mcu.externaltools.gnu-tools-for-stm32.11.3.rel1.win32_1.1.100.202309141235/tools/bin/../lib/gcc/arm-none-eabi/11.3.1/thumb/v7e-m+fp/hard/crtbegin.o

.ccmram         0x0000000010000000        0x0 load address 0x0000000008007294
                0x0000000010000000                . = ALIGN (0x4)
                0x0000000010000000                _sccmram = .
 *(.ccmram)
 *(.ccmram*)
                0x0000000010000000                . = ALIGN (0x4)
                0x0000000010000000                _eccmram = .
                0x0000000010000000                . = ALIGN (0x4)

.bss            0x000000002000014c      0xa90
                0x000000002000014c                _sbss = .
                0x000000002000014c                __bss_start__ = _sbss
 *(.bss)
 .bss           0x000000002000014c       0x1c C:/ST/STM32CubeIDE_1.14.1/STM32CubeIDE/plugins/com.st.stm32cube.ide.mcu.externaltools.gnu-tools-for-stm32.11.3.rel1.win32_1.1.100.202309141235/tools/bin/../lib/gcc/arm-none-eabi/11.3.1/thumb/v7e-m+fp/hard/crtbegin.o
 *(.bss*)
 .bss.huart4    0x0000000020000168       0x48 ./Core/Src/main.o
                0x0000000020000168                huart4
 .bss.report_buffer
                0x00000000200001b0        0x4 ./Core/Src/main.o
                0x00000000200001b0                report_buffer
 .bss.operation
                0x00000000200001b4        0x1 ./Core/Src/usb_operations.o
                0x00000000200001b4                operation
 *fill*         0x00000000200001b5        0x3 
 .bss.uwTick    0x00000000200001b8        0x4 ./Drivers/STM32F4xx_HAL_Driver/Src/stm32f4xx_hal.o
                0x00000000200001b8                uwTick
 .bss.cfgidx.0  0x00000000200001bc        0x1 ./Middlewares/ST/STM32_USB_Device_Library/Core/Src/usbd_ctlreq.o
 *fill*         0x00000000200001bd        0x3 
 .bss.hUsbDeviceFS
                0x00000000200001c0      0x2dc ./USB_DEVICE/App/usb_device.o
                0x00000000200001c0                hUsbDeviceFS
 .bss.USBD_StrDesc
                0x000000002000049c      0x200 ./USB_DEVICE/App/usbd_desc.o
                0x000000002000049c                USBD_StrDesc
 .bss.hpcd_USB_OTG_FS
                0x000000002000069c      0x4e4 ./USB_DEVICE/Target/usbd_conf.o
                0x000000002000069c                hpcd_USB_OTG_FS
 .bss.mem.0     0x0000000020000b80       0x5c ./USB_DEVICE/Target/usbd_conf.o
 *(COMMON)
                0x0000000020000bdc                . = ALIGN (0x4)
                0x0000000020000bdc                _ebss = .
                0x0000000020000bdc                __bss_end__ = _ebss

._user_heap_stack
                0x0000000020000bdc      0x604
                0x0000000020000be0                . = ALIGN (0x8)
 *fill*         0x0000000020000bdc        0x4 
                [!provide]                        PROVIDE (end = .)
                0x0000000020000be0                PROVIDE (_end = .)
                0x0000000020000de0                . = (. + _Min_Heap_Size)
 *fill*         0x0000000020000be0      0x200 
                0x00000000200011e0                . = (. + _Min_Stack_Size)
 *fill*         0x0000000020000de0      0x400 
                0x00000000200011e0                . = ALIGN (0x8)

/DISCARD/
 libc.a(*)
 libm.a(*)
 libgcc.a(*)

.ARM.attributes
                0x0000000000000000       0x30
 *(.ARM.attributes)
 .ARM.attributes
                0x0000000000000000       0x1e C:/ST/STM32CubeIDE_1.14.1/STM32CubeIDE/plugins/com.st.stm32cube.ide.mcu.externaltools.gnu-tools-for-stm32.11.3.rel1.win32_1.1.100.202309141235/tools/bin/../lib/gcc/arm-none-eabi/11.3.1/thumb/v7e-m+fp/hard/crti.o
 .ARM.attributes
                0x000000000000001e       0x34 C:/ST/STM32CubeIDE_1.14.1/STM32CubeIDE/plugins/com.st.stm32cube.ide.mcu.externaltools.gnu-tools-for-stm32.11.3.rel1.win32_1.1.100.202309141235/tools/bin/../lib/gcc/arm-none-eabi/11.3.1/thumb/v7e-m+fp/hard/crtbegin.o
 .ARM.attributes
                0x0000000000000052       0x34 ./Core/Src/main.o
 .ARM.attributes
                0x0000000000000086       0x34 ./Core/Src/stm32f4xx_hal_msp.o
 .ARM.attributes
                0x00000000000000ba       0x34 ./Core/Src/stm32f4xx_it.o
 .ARM.attributes
                0x00000000000000ee       0x34 ./Core/Src/system_stm32f4xx.o
 .ARM.attributes
                0x0000000000000122       0x34 ./Core/Src/usb_operations.o
 .ARM.attributes
                0x0000000000000156       0x21 ./Core/Startup/startup_stm32f407vgtx.o
 .ARM.attributes
                0x0000000000000177       0x34 ./Drivers/STM32F4xx_HAL_Driver/Src/stm32f4xx_hal.o
 .ARM.attributes
                0x00000000000001ab       0x34 ./Drivers/STM32F4xx_HAL_Driver/Src/stm32f4xx_hal_cortex.o
 .ARM.attributes
                0x00000000000001df       0x34 ./Drivers/STM32F4xx_HAL_Driver/Src/stm32f4xx_hal_gpio.o
 .ARM.attributes
                0x0000000000000213       0x34 ./Drivers/STM32F4xx_HAL_Driver/Src/stm32f4xx_hal_pcd.o
 .ARM.attributes
                0x0000000000000247       0x34 ./Drivers/STM32F4xx_HAL_Driver/Src/stm32f4xx_hal_pcd_ex.o
 .ARM.attributes
                0x000000000000027b       0x34 ./Drivers/STM32F4xx_HAL_Driver/Src/stm32f4xx_hal_rcc.o
 .ARM.attributes
                0x00000000000002af       0x34 ./Drivers/STM32F4xx_HAL_Driver/Src/stm32f4xx_hal_uart.o
 .ARM.attributes
                0x00000000000002e3       0x34 ./Drivers/STM32F4xx_HAL_Driver/Src/stm32f4xx_ll_usb.o
 .ARM.attributes
                0x0000000000000317       0x34 ./Middlewares/ST/STM32_USB_Device_Library/Class/CustomHID/Src/usbd_customhid.o
 .ARM.attributes
                0x000000000000034b       0x34 ./Middlewares/ST/STM32_USB_Device_Library/Core/Src/usbd_core.o
 .ARM.attributes
                0x000000000000037f       0x34 ./Middlewares/ST/STM32_USB_Device_Library/Core/Src/usbd_ctlreq.o
 .ARM.attributes
                0x00000000000003b3       0x34 ./Middlewares/ST/STM32_USB_Device_Library/Core/Src/usbd_ioreq.o
 .ARM.attributes
                0x00000000000003e7       0x34 ./USB_DEVICE/App/usb_device.o
 .ARM.attributes
                0x000000000000041b       0x34 ./USB_DEVICE/App/usbd_custom_hid_if.o
 .ARM.attributes
                0x000000000000044f       0x34 ./USB_DEVICE/App/usbd_desc.o
 .ARM.attributes
                0x0000000000000483       0x34 ./USB_DEVICE/Target/usbd_conf.o
 .ARM.attributes
                0x00000000000004b7       0x34 C:/ST/STM32CubeIDE_1.14.1/STM32CubeIDE/plugins/com.st.stm32cube.ide.mcu.externaltools.gnu-tools-for-stm32.11.3.rel1.win32_1.1.100.202309141235/tools/bin/../lib/gcc/arm-none-eabi/11.3.1/../../../../arm-none-eabi/lib/thumb/v7e-m+fp/hard\libc_nano.a(libc_a-memset.o)
 .ARM.attributes
                0x00000000000004eb       0x34 C:/ST/STM32CubeIDE_1.14.1/STM32CubeIDE/plugins/com.st.stm32cube.ide.mcu.externaltools.gnu-tools-for-stm32.11.3.rel1.win32_1.1.100.202309141235/tools/bin/../lib/gcc/arm-none-eabi/11.3.1/../../../../arm-none-eabi/lib/thumb/v7e-m+fp/hard\libc_nano.a(libc_a-strncmp.o)
 .ARM.attributes
                0x000000000000051f       0x34 C:/ST/STM32CubeIDE_1.14.1/STM32CubeIDE/plugins/com.st.stm32cube.ide.mcu.externaltools.gnu-tools-for-stm32.11.3.rel1.win32_1.1.100.202309141235/tools/bin/../lib/gcc/arm-none-eabi/11.3.1/../../../../arm-none-eabi/lib/thumb/v7e-m+fp/hard\libc_nano.a(libc_a-init.o)
 .ARM.attributes
                0x0000000000000553       0x1e C:/ST/STM32CubeIDE_1.14.1/STM32CubeIDE/plugins/com.st.stm32cube.ide.mcu.externaltools.gnu-tools-for-stm32.11.3.rel1.win32_1.1.100.202309141235/tools/bin/../lib/gcc/arm-none-eabi/11.3.1/thumb/v7e-m+fp/hard\libgcc.a(_aeabi_uldivmod.o)
 .ARM.attributes
                0x0000000000000571       0x34 C:/ST/STM32CubeIDE_1.14.1/STM32CubeIDE/plugins/com.st.stm32cube.ide.mcu.externaltools.gnu-tools-for-stm32.11.3.rel1.win32_1.1.100.202309141235/tools/bin/../lib/gcc/arm-none-eabi/11.3.1/thumb/v7e-m+fp/hard\libgcc.a(_udivmoddi4.o)
 .ARM.attributes
                0x00000000000005a5       0x1e C:/ST/STM32CubeIDE_1.14.1/STM32CubeIDE/plugins/com.st.stm32cube.ide.mcu.externaltools.gnu-tools-for-stm32.11.3.rel1.win32_1.1.100.202309141235/tools/bin/../lib/gcc/arm-none-eabi/11.3.1/thumb/v7e-m+fp/hard\libgcc.a(_dvmd_tls.o)
 .ARM.attributes
                0x00000000000005c3       0x1e C:/ST/STM32CubeIDE_1.14.1/STM32CubeIDE/plugins/com.st.stm32cube.ide.mcu.externaltools.gnu-tools-for-stm32.11.3.rel1.win32_1.1.100.202309141235/tools/bin/../lib/gcc/arm-none-eabi/11.3.1/thumb/v7e-m+fp/hard/crtn.o
OUTPUT(Security_Key.elf elf32-littlearm)
LOAD linker stubs
LOAD C:/ST/STM32CubeIDE_1.14.1/STM32CubeIDE/plugins/com.st.stm32cube.ide.mcu.externaltools.gnu-tools-for-stm32.11.3.rel1.win32_1.1.100.202309141235/tools/bin/../lib/gcc/arm-none-eabi/11.3.1/../../../../arm-none-eabi/lib/thumb/v7e-m+fp/hard\libc.a
LOAD C:/ST/STM32CubeIDE_1.14.1/STM32CubeIDE/plugins/com.st.stm32cube.ide.mcu.externaltools.gnu-tools-for-stm32.11.3.rel1.win32_1.1.100.202309141235/tools/bin/../lib/gcc/arm-none-eabi/11.3.1/../../../../arm-none-eabi/lib/thumb/v7e-m+fp/hard\libm.a
LOAD C:/ST/STM32CubeIDE_1.14.1/STM32CubeIDE/plugins/com.st.stm32cube.ide.mcu.externaltools.gnu-tools-for-stm32.11.3.rel1.win32_1.1.100.202309141235/tools/bin/../lib/gcc/arm-none-eabi/11.3.1/thumb/v7e-m+fp/hard\libgcc.a

.comment        0x0000000000000000       0x43
 .comment       0x0000000000000000       0x43 C:/ST/STM32CubeIDE_1.14.1/STM32CubeIDE/plugins/com.st.stm32cube.ide.mcu.externaltools.gnu-tools-for-stm32.11.3.rel1.win32_1.1.100.202309141235/tools/bin/../lib/gcc/arm-none-eabi/11.3.1/thumb/v7e-m+fp/hard/crtbegin.o
                                         0x44 (size before relaxing)
 .comment       0x0000000000000043       0x44 ./Core/Src/main.o
 .comment       0x0000000000000043       0x44 ./Core/Src/stm32f4xx_hal_msp.o
 .comment       0x0000000000000043       0x44 ./Core/Src/stm32f4xx_it.o
 .comment       0x0000000000000043       0x44 ./Core/Src/system_stm32f4xx.o
 .comment       0x0000000000000043       0x44 ./Core/Src/usb_operations.o
 .comment       0x0000000000000043       0x44 ./Drivers/STM32F4xx_HAL_Driver/Src/stm32f4xx_hal.o
 .comment       0x0000000000000043       0x44 ./Drivers/STM32F4xx_HAL_Driver/Src/stm32f4xx_hal_cortex.o
 .comment       0x0000000000000043       0x44 ./Drivers/STM32F4xx_HAL_Driver/Src/stm32f4xx_hal_gpio.o
 .comment       0x0000000000000043       0x44 ./Drivers/STM32F4xx_HAL_Driver/Src/stm32f4xx_hal_pcd.o
 .comment       0x0000000000000043       0x44 ./Drivers/STM32F4xx_HAL_Driver/Src/stm32f4xx_hal_pcd_ex.o
 .comment       0x0000000000000043       0x44 ./Drivers/STM32F4xx_HAL_Driver/Src/stm32f4xx_hal_rcc.o
 .comment       0x0000000000000043       0x44 ./Drivers/STM32F4xx_HAL_Driver/Src/stm32f4xx_hal_uart.o
 .comment       0x0000000000000043       0x44 ./Drivers/STM32F4xx_HAL_Driver/Src/stm32f4xx_ll_usb.o
 .comment       0x0000000000000043       0x44 ./Middlewares/ST/STM32_USB_Device_Library/Class/CustomHID/Src/usbd_customhid.o
 .comment       0x0000000000000043       0x44 ./Middlewares/ST/STM32_USB_Device_Library/Core/Src/usbd_core.o
 .comment       0x0000000000000043       0x44 ./Middlewares/ST/STM32_USB_Device_Library/Core/Src/usbd_ctlreq.o
 .comment       0x0000000000000043       0x44 ./Middlewares/ST/STM32_USB_Device_Library/Core/Src/usbd_ioreq.o
 .comment       0x0000000000000043       0x44 ./USB_DEVICE/App/usb_device.o
 .comment       0x0000000000000043       0x44 ./USB_DEVICE/App/usbd_custom_hid_if.o
 .comment       0x0000000000000043       0x44 ./USB_DEVICE/App/usbd_desc.o
 .comment       0x0000000000000043       0x44 ./USB_DEVICE/Target/usbd_conf.o

.debug_info     0x0000000000000000    0x11061
 .debug_info    0x0000000000000000      0xd14 ./Core/Src/main.o
 .debug_info    0x0000000000000d14      0x905 ./Core/Src/stm32f4xx_hal_msp.o
 .debug_info    0x0000000000001619      0x62e ./Core/Src/stm32f4xx_it.o
 .debug_info    0x0000000000001c47      0x512 ./Core/Src/system_stm32f4xx.o
 .debug_info    0x0000000000002159      0x70d ./Core/Src/usb_operations.o
 .debug_info    0x0000000000002866       0x23 ./Core/Startup/startup_stm32f407vgtx.o
 .debug_info    0x0000000000002889      0x944 ./Drivers/STM32F4xx_HAL_Driver/Src/stm32f4xx_hal.o
 .debug_info    0x00000000000031cd      0xd57 ./Drivers/STM32F4xx_HAL_Driver/Src/stm32f4xx_hal_cortex.o
 .debug_info    0x0000000000003f24      0x6c3 ./Drivers/STM32F4xx_HAL_Driver/Src/stm32f4xx_hal_gpio.o
 .debug_info    0x00000000000045e7     0x156f ./Drivers/STM32F4xx_HAL_Driver/Src/stm32f4xx_hal_pcd.o
 .debug_info    0x0000000000005b56      0x6ea ./Drivers/STM32F4xx_HAL_Driver/Src/stm32f4xx_hal_pcd_ex.o
 .debug_info    0x0000000000006240      0x8b1 ./Drivers/STM32F4xx_HAL_Driver/Src/stm32f4xx_hal_rcc.o
 .debug_info    0x0000000000006af1     0x2f4f ./Drivers/STM32F4xx_HAL_Driver/Src/stm32f4xx_hal_uart.o
 .debug_info    0x0000000000009a40     0x1993 ./Drivers/STM32F4xx_HAL_Driver/Src/stm32f4xx_ll_usb.o
 .debug_info    0x000000000000b3d3      0xd8a ./Middlewares/ST/STM32_USB_Device_Library/Class/CustomHID/Src/usbd_customhid.o
 .debug_info    0x000000000000c15d      0xe05 ./Middlewares/ST/STM32_USB_Device_Library/Core/Src/usbd_core.o
 .debug_info    0x000000000000cf62      0xade ./Middlewares/ST/STM32_USB_Device_Library/Core/Src/usbd_ctlreq.o
 .debug_info    0x000000000000da40      0x755 ./Middlewares/ST/STM32_USB_Device_Library/Core/Src/usbd_ioreq.o
 .debug_info    0x000000000000e195      0x6c4 ./USB_DEVICE/App/usb_device.o
 .debug_info    0x000000000000e859      0x747 ./USB_DEVICE/App/usbd_custom_hid_if.o
 .debug_info    0x000000000000efa0      0x458 ./USB_DEVICE/App/usbd_desc.o
 .debug_info    0x000000000000f3f8     0x1c69 ./USB_DEVICE/Target/usbd_conf.o

.debug_abbrev   0x0000000000000000     0x2f0f
 .debug_abbrev  0x0000000000000000      0x2d8 ./Core/Src/main.o
 .debug_abbrev  0x00000000000002d8      0x1ad ./Core/Src/stm32f4xx_hal_msp.o
 .debug_abbrev  0x0000000000000485      0x1a4 ./Core/Src/stm32f4xx_it.o
 .debug_abbrev  0x0000000000000629      0x11a ./Core/Src/system_stm32f4xx.o
 .debug_abbrev  0x0000000000000743      0x1a5 ./Core/Src/usb_operations.o
 .debug_abbrev  0x00000000000008e8       0x12 ./Core/Startup/startup_stm32f407vgtx.o
 .debug_abbrev  0x00000000000008fa      0x214 ./Drivers/STM32F4xx_HAL_Driver/Src/stm32f4xx_hal.o
 .debug_abbrev  0x0000000000000b0e      0x328 ./Drivers/STM32F4xx_HAL_Driver/Src/stm32f4xx_hal_cortex.o
 .debug_abbrev  0x0000000000000e36      0x1d4 ./Drivers/STM32F4xx_HAL_Driver/Src/stm32f4xx_hal_gpio.o
 .debug_abbrev  0x000000000000100a      0x2b9 ./Drivers/STM32F4xx_HAL_Driver/Src/stm32f4xx_hal_pcd.o
 .debug_abbrev  0x00000000000012c3      0x1da ./Drivers/STM32F4xx_HAL_Driver/Src/stm32f4xx_hal_pcd_ex.o
 .debug_abbrev  0x000000000000149d      0x2b6 ./Drivers/STM32F4xx_HAL_Driver/Src/stm32f4xx_hal_rcc.o
 .debug_abbrev  0x0000000000001753      0x30e ./Drivers/STM32F4xx_HAL_Driver/Src/stm32f4xx_hal_uart.o
 .debug_abbrev  0x0000000000001a61      0x2b3 ./Drivers/STM32F4xx_HAL_Driver/Src/stm32f4xx_ll_usb.o
 .debug_abbrev  0x0000000000001d14      0x2cf ./Middlewares/ST/STM32_USB_Device_Library/Class/CustomHID/Src/usbd_customhid.o
 .debug_abbrev  0x0000000000001fe3      0x27c ./Middlewares/ST/STM32_USB_Device_Library/Core/Src/usbd_core.o
 .debug_abbrev  0x000000000000225f      0x26f ./Middlewares/ST/STM32_USB_Device_Library/Core/Src/usbd_ctlreq.o
 .debug_abbrev  0x00000000000024ce      0x19a ./Middlewares/ST/STM32_USB_Device_Library/Core/Src/usbd_ioreq.o
 .debug_abbrev  0x0000000000002668      0x194 ./USB_DEVICE/App/usb_device.o
 .debug_abbrev  0x00000000000027fc      0x1f3 ./USB_DEVICE/App/usbd_custom_hid_if.o
 .debug_abbrev  0x00000000000029ef      0x1e1 ./USB_DEVICE/App/usbd_desc.o
 .debug_abbrev  0x0000000000002bd0      0x33f ./USB_DEVICE/Target/usbd_conf.o

.debug_aranges  0x0000000000000000      0xda0
 .debug_aranges
                0x0000000000000000       0x48 ./Core/Src/main.o
 .debug_aranges
                0x0000000000000048       0x30 ./Core/Src/stm32f4xx_hal_msp.o
 .debug_aranges
                0x0000000000000078       0x68 ./Core/Src/stm32f4xx_it.o
 .debug_aranges
                0x00000000000000e0       0x28 ./Core/Src/system_stm32f4xx.o
 .debug_aranges
                0x0000000000000108       0x50 ./Core/Src/usb_operations.o
 .debug_aranges
                0x0000000000000158       0x28 ./Core/Startup/startup_stm32f407vgtx.o
 .debug_aranges
                0x0000000000000180       0xf0 ./Drivers/STM32F4xx_HAL_Driver/Src/stm32f4xx_hal.o
 .debug_aranges
                0x0000000000000270      0x120 ./Drivers/STM32F4xx_HAL_Driver/Src/stm32f4xx_hal_cortex.o
 .debug_aranges
                0x0000000000000390       0x58 ./Drivers/STM32F4xx_HAL_Driver/Src/stm32f4xx_hal_gpio.o
 .debug_aranges
                0x00000000000003e8      0x148 ./Drivers/STM32F4xx_HAL_Driver/Src/stm32f4xx_hal_pcd.o
 .debug_aranges
                0x0000000000000530       0x38 ./Drivers/STM32F4xx_HAL_Driver/Src/stm32f4xx_hal_pcd_ex.o
 .debug_aranges
                0x0000000000000568       0x88 ./Drivers/STM32F4xx_HAL_Driver/Src/stm32f4xx_hal_rcc.o
 .debug_aranges
                0x00000000000005f0      0x208 ./Drivers/STM32F4xx_HAL_Driver/Src/stm32f4xx_hal_uart.o
 .debug_aranges
                0x00000000000007f8      0x1a0 ./Drivers/STM32F4xx_HAL_Driver/Src/stm32f4xx_ll_usb.o
 .debug_aranges
                0x0000000000000998       0x80 ./Middlewares/ST/STM32_USB_Device_Library/Class/CustomHID/Src/usbd_customhid.o
 .debug_aranges
                0x0000000000000a18       0xd8 ./Middlewares/ST/STM32_USB_Device_Library/Core/Src/usbd_core.o
 .debug_aranges
                0x0000000000000af0       0x90 ./Middlewares/ST/STM32_USB_Device_Library/Core/Src/usbd_ctlreq.o
 .debug_aranges
                0x0000000000000b80       0x50 ./Middlewares/ST/STM32_USB_Device_Library/Core/Src/usbd_ioreq.o
 .debug_aranges
                0x0000000000000bd0       0x20 ./USB_DEVICE/App/usb_device.o
 .debug_aranges
                0x0000000000000bf0       0x40 ./USB_DEVICE/App/usbd_custom_hid_if.o
 .debug_aranges
                0x0000000000000c30       0x60 ./USB_DEVICE/App/usbd_desc.o
 .debug_aranges
                0x0000000000000c90      0x110 ./USB_DEVICE/Target/usbd_conf.o

.debug_rnglists
                0x0000000000000000      0xa41
 .debug_rnglists
                0x0000000000000000       0x34 ./Core/Src/main.o
 .debug_rnglists
                0x0000000000000034       0x20 ./Core/Src/stm32f4xx_hal_msp.o
 .debug_rnglists
                0x0000000000000054       0x49 ./Core/Src/stm32f4xx_it.o
 .debug_rnglists
                0x000000000000009d       0x1a ./Core/Src/system_stm32f4xx.o
 .debug_rnglists
                0x00000000000000b7       0x37 ./Core/Src/usb_operations.o
 .debug_rnglists
                0x00000000000000ee       0x19 ./Core/Startup/startup_stm32f407vgtx.o
 .debug_rnglists
                0x0000000000000107       0xaf ./Drivers/STM32F4xx_HAL_Driver/Src/stm32f4xx_hal.o
 .debug_rnglists
                0x00000000000001b6       0xd4 ./Drivers/STM32F4xx_HAL_Driver/Src/stm32f4xx_hal_cortex.o
 .debug_rnglists
                0x000000000000028a       0x3f ./Drivers/STM32F4xx_HAL_Driver/Src/stm32f4xx_hal_gpio.o
 .debug_rnglists
                0x00000000000002c9       0xfa ./Drivers/STM32F4xx_HAL_Driver/Src/stm32f4xx_hal_pcd.o
 .debug_rnglists
                0x00000000000003c3       0x26 ./Drivers/STM32F4xx_HAL_Driver/Src/stm32f4xx_hal_pcd_ex.o
 .debug_rnglists
                0x00000000000003e9       0x66 ./Drivers/STM32F4xx_HAL_Driver/Src/stm32f4xx_hal_rcc.o
 .debug_rnglists
                0x000000000000044f      0x1bc ./Drivers/STM32F4xx_HAL_Driver/Src/stm32f4xx_hal_uart.o
 .debug_rnglists
                0x000000000000060b      0x147 ./Drivers/STM32F4xx_HAL_Driver/Src/stm32f4xx_ll_usb.o
 .debug_rnglists
                0x0000000000000752       0x5f ./Middlewares/ST/STM32_USB_Device_Library/Class/CustomHID/Src/usbd_customhid.o
 .debug_rnglists
                0x00000000000007b1       0xa1 ./Middlewares/ST/STM32_USB_Device_Library/Core/Src/usbd_core.o
 .debug_rnglists
                0x0000000000000852       0x6e ./Middlewares/ST/STM32_USB_Device_Library/Core/Src/usbd_ctlreq.o
 .debug_rnglists
                0x00000000000008c0       0x37 ./Middlewares/ST/STM32_USB_Device_Library/Core/Src/usbd_ioreq.o
 .debug_rnglists
                0x00000000000008f7       0x13 ./USB_DEVICE/App/usb_device.o
 .debug_rnglists
                0x000000000000090a       0x2b ./USB_DEVICE/App/usbd_custom_hid_if.o
 .debug_rnglists
                0x0000000000000935       0x43 ./USB_DEVICE/App/usbd_desc.o
 .debug_rnglists
                0x0000000000000978       0xc9 ./USB_DEVICE/Target/usbd_conf.o

.debug_macro    0x0000000000000000     0x45f6
 .debug_macro   0x0000000000000000      0x3a2 ./Core/Src/main.o
 .debug_macro   0x00000000000003a2       0x61 ./Core/Src/main.o
 .debug_macro   0x0000000000000403       0x34 ./Core/Src/main.o
 .debug_macro   0x0000000000000437       0x16 ./Core/Src/main.o
 .debug_macro   0x000000000000044d       0x35 ./Core/Src/main.o
 .debug_macro   0x0000000000000482      0x369 ./Core/Src/main.o
 .debug_macro   0x00000000000007eb       0x43 ./Core/Src/main.o
 .debug_macro   0x000000000000082e       0x1c ./Core/Src/main.o
 .debug_macro   0x000000000000084a       0x16 ./Core/Src/main.o
 .debug_macro   0x0000000000000860      0x147 ./Core/Src/main.o
 .debug_macro   0x00000000000009a7       0x78 ./Core/Src/main.o
 .debug_macro   0x0000000000000a1f      0x20f ./Core/Src/main.o
 .debug_macro   0x0000000000000c2e       0x65 ./Core/Src/main.o
 .debug_macro   0x0000000000000c93      0x1e8 ./Core/Src/stm32f4xx_hal_msp.o
 .debug_macro   0x0000000000000e7b      0x2f4 ./Core/Src/stm32f4xx_it.o
 .debug_macro   0x000000000000116f       0x10 ./Core/Src/stm32f4xx_it.o
 .debug_macro   0x000000000000117f       0x1c ./Core/Src/stm32f4xx_it.o
 .debug_macro   0x000000000000119b      0x1de ./Core/Src/system_stm32f4xx.o
 .debug_macro   0x0000000000001379      0x2c9 ./Core/Src/usb_operations.o
 .debug_macro   0x0000000000001642      0x23e ./Drivers/STM32F4xx_HAL_Driver/Src/stm32f4xx_hal.o
 .debug_macro   0x0000000000001880      0x1de ./Drivers/STM32F4xx_HAL_Driver/Src/stm32f4xx_hal_cortex.o
 .debug_macro   0x0000000000001a5e      0x1e4 ./Drivers/STM32F4xx_HAL_Driver/Src/stm32f4xx_hal_gpio.o
 .debug_macro   0x0000000000001c42      0x1ea ./Drivers/STM32F4xx_HAL_Driver/Src/stm32f4xx_hal_pcd.o
 .debug_macro   0x0000000000001e2c      0x1de ./Drivers/STM32F4xx_HAL_Driver/Src/stm32f4xx_hal_pcd_ex.o
 .debug_macro   0x000000000000200a      0x202 ./Drivers/STM32F4xx_HAL_Driver/Src/stm32f4xx_hal_rcc.o
 .debug_macro   0x000000000000220c      0x1df ./Drivers/STM32F4xx_HAL_Driver/Src/stm32f4xx_hal_uart.o
 .debug_macro   0x00000000000023eb      0x1de ./Drivers/STM32F4xx_HAL_Driver/Src/stm32f4xx_ll_usb.o
 .debug_macro   0x00000000000025c9      0x380 ./Middlewares/ST/STM32_USB_Device_Library/Class/CustomHID/Src/usbd_customhid.o
 .debug_macro   0x0000000000002949       0x97 ./Middlewares/ST/STM32_USB_Device_Library/Class/CustomHID/Src/usbd_customhid.o
 .debug_macro   0x00000000000029e0       0xfd ./Middlewares/ST/STM32_USB_Device_Library/Class/CustomHID/Src/usbd_customhid.o
 .debug_macro   0x0000000000002add       0x56 ./Middlewares/ST/STM32_USB_Device_Library/Class/CustomHID/Src/usbd_customhid.o
 .debug_macro   0x0000000000002b33      0x35e ./Middlewares/ST/STM32_USB_Device_Library/Core/Src/usbd_core.o
 .debug_macro   0x0000000000002e91      0x215 ./Middlewares/ST/STM32_USB_Device_Library/Core/Src/usbd_core.o
 .debug_macro   0x00000000000030a6      0x368 ./Middlewares/ST/STM32_USB_Device_Library/Core/Src/usbd_ctlreq.o
 .debug_macro   0x000000000000340e      0x364 ./Middlewares/ST/STM32_USB_Device_Library/Core/Src/usbd_ioreq.o
 .debug_macro   0x0000000000003772      0x39e ./USB_DEVICE/App/usb_device.o
 .debug_macro   0x0000000000003b10       0x22 ./USB_DEVICE/App/usb_device.o
 .debug_macro   0x0000000000003b32      0x386 ./USB_DEVICE/App/usbd_custom_hid_if.o
 .debug_macro   0x0000000000003eb8      0x3a1 ./USB_DEVICE/App/usbd_desc.o
 .debug_macro   0x0000000000004259       0x1c ./USB_DEVICE/App/usbd_desc.o
 .debug_macro   0x0000000000004275      0x381 ./USB_DEVICE/Target/usbd_conf.o

.debug_line     0x0000000000000000    0x12912
 .debug_line    0x0000000000000000      0xb86 ./Core/Src/main.o
 .debug_line    0x0000000000000b86      0x7c4 ./Core/Src/stm32f4xx_hal_msp.o
 .debug_line    0x000000000000134a      0x9c4 ./Core/Src/stm32f4xx_it.o
 .debug_line    0x0000000000001d0e      0x7e6 ./Core/Src/system_stm32f4xx.o
 .debug_line    0x00000000000024f4      0x944 ./Core/Src/usb_operations.o
 .debug_line    0x0000000000002e38       0x7a ./Core/Startup/startup_stm32f407vgtx.o
 .debug_line    0x0000000000002eb2      0xa4c ./Drivers/STM32F4xx_HAL_Driver/Src/stm32f4xx_hal.o
 .debug_line    0x00000000000038fe      0xd18 ./Drivers/STM32F4xx_HAL_Driver/Src/stm32f4xx_hal_cortex.o
 .debug_line    0x0000000000004616      0xbc0 ./Drivers/STM32F4xx_HAL_Driver/Src/stm32f4xx_hal_gpio.o
 .debug_line    0x00000000000051d6     0x14da ./Drivers/STM32F4xx_HAL_Driver/Src/stm32f4xx_hal_pcd.o
 .debug_line    0x00000000000066b0      0x82f ./Drivers/STM32F4xx_HAL_Driver/Src/stm32f4xx_hal_pcd_ex.o
 .debug_line    0x0000000000006edf      0xdc5 ./Drivers/STM32F4xx_HAL_Driver/Src/stm32f4xx_hal_rcc.o
 .debug_line    0x0000000000007ca4     0x2909 ./Drivers/STM32F4xx_HAL_Driver/Src/stm32f4xx_hal_uart.o
 .debug_line    0x000000000000a5ad     0x1c13 ./Drivers/STM32F4xx_HAL_Driver/Src/stm32f4xx_ll_usb.o
 .debug_line    0x000000000000c1c0      0xe0b ./Middlewares/ST/STM32_USB_Device_Library/Class/CustomHID/Src/usbd_customhid.o
 .debug_line    0x000000000000cfcb      0xf67 ./Middlewares/ST/STM32_USB_Device_Library/Core/Src/usbd_core.o
 .debug_line    0x000000000000df32     0x1154 ./Middlewares/ST/STM32_USB_Device_Library/Core/Src/usbd_ctlreq.o
 .debug_line    0x000000000000f086      0xa7e ./Middlewares/ST/STM32_USB_Device_Library/Core/Src/usbd_ioreq.o
 .debug_line    0x000000000000fb04      0xa4d ./USB_DEVICE/App/usb_device.o
 .debug_line    0x0000000000010551      0xa92 ./USB_DEVICE/App/usbd_custom_hid_if.o
 .debug_line    0x0000000000010fe3      0xb03 ./USB_DEVICE/App/usbd_desc.o
 .debug_line    0x0000000000011ae6      0xe2c ./USB_DEVICE/Target/usbd_conf.o

.debug_str      0x0000000000000000    0xc6862
 .debug_str     0x0000000000000000    0xc2ad3 ./Core/Src/main.o
                                      0xc2e28 (size before relaxing)
 .debug_str     0x00000000000c2ad3       0x66 ./Core/Src/stm32f4xx_hal_msp.o
                                      0xbe551 (size before relaxing)
 .debug_str     0x00000000000c2b39      0x460 ./Core/Src/stm32f4xx_it.o
                                      0xc1b96 (size before relaxing)
 .debug_str     0x00000000000c2f99       0xdb ./Core/Src/system_stm32f4xx.o
                                      0xbe0e2 (size before relaxing)
 .debug_str     0x00000000000c3074       0xe0 ./Core/Src/usb_operations.o
                                      0xc1c8d (size before relaxing)
 .debug_str     0x00000000000c3154       0x61 ./Core/Startup/startup_stm32f407vgtx.o
 .debug_str     0x00000000000c31b5      0xafd ./Drivers/STM32F4xx_HAL_Driver/Src/stm32f4xx_hal.o
                                      0xbec3f (size before relaxing)
 .debug_str     0x00000000000c3cb2      0x35a ./Drivers/STM32F4xx_HAL_Driver/Src/stm32f4xx_hal_cortex.o
                                      0xbe989 (size before relaxing)
 .debug_str     0x00000000000c400c      0x10e ./Drivers/STM32F4xx_HAL_Driver/Src/stm32f4xx_hal_gpio.o
                                      0xbe236 (size before relaxing)
 .debug_str     0x00000000000c411a      0x831 ./Drivers/STM32F4xx_HAL_Driver/Src/stm32f4xx_hal_pcd.o
                                      0xbeb99 (size before relaxing)
 .debug_str     0x00000000000c494b      0x115 ./Drivers/STM32F4xx_HAL_Driver/Src/stm32f4xx_hal_pcd_ex.o
                                      0xbe489 (size before relaxing)
 .debug_str     0x00000000000c4a60      0x21f ./Drivers/STM32F4xx_HAL_Driver/Src/stm32f4xx_hal_rcc.o
                                      0xbe4ef (size before relaxing)
 .debug_str     0x00000000000c4c7f      0x64c ./Drivers/STM32F4xx_HAL_Driver/Src/stm32f4xx_hal_uart.o
                                      0xbead0 (size before relaxing)
 .debug_str     0x00000000000c52cb      0x4b0 ./Drivers/STM32F4xx_HAL_Driver/Src/stm32f4xx_ll_usb.o
                                      0xbea74 (size before relaxing)
 .debug_str     0x00000000000c577b      0x79d ./Middlewares/ST/STM32_USB_Device_Library/Class/CustomHID/Src/usbd_customhid.o
                                      0xc2e59 (size before relaxing)
 .debug_str     0x00000000000c5f18      0x357 ./Middlewares/ST/STM32_USB_Device_Library/Core/Src/usbd_core.o
                                      0xc2a83 (size before relaxing)
 .debug_str     0x00000000000c626f      0x139 ./Middlewares/ST/STM32_USB_Device_Library/Core/Src/usbd_ctlreq.o
                                      0xc28ae (size before relaxing)
 .debug_str     0x00000000000c63a8       0x67 ./Middlewares/ST/STM32_USB_Device_Library/Core/Src/usbd_ioreq.o
                                      0xc2783 (size before relaxing)
 .debug_str     0x00000000000c640f       0xc6 ./USB_DEVICE/App/usb_device.o
                                      0xc2a2b (size before relaxing)
 .debug_str     0x00000000000c64d5       0xb3 ./USB_DEVICE/App/usbd_custom_hid_if.o
                                      0xc2a86 (size before relaxing)
 .debug_str     0x00000000000c6588      0x267 ./USB_DEVICE/App/usbd_desc.o
                                      0xc267c (size before relaxing)
 .debug_str     0x00000000000c67ef       0x73 ./USB_DEVICE/Target/usbd_conf.o
                                      0xc3882 (size before relaxing)

.debug_frame    0x0000000000000000     0x36fc
 .debug_frame   0x0000000000000000       0xd0 ./Core/Src/main.o
 .debug_frame   0x00000000000000d0       0x80 ./Core/Src/stm32f4xx_hal_msp.o
 .debug_frame   0x0000000000000150      0x120 ./Core/Src/stm32f4xx_it.o
 .debug_frame   0x0000000000000270       0x58 ./Core/Src/system_stm32f4xx.o
 .debug_frame   0x00000000000002c8       0xe8 ./Core/Src/usb_operations.o
 .debug_frame   0x00000000000003b0      0x374 ./Drivers/STM32F4xx_HAL_Driver/Src/stm32f4xx_hal.o
 .debug_frame   0x0000000000000724      0x4b8 ./Drivers/STM32F4xx_HAL_Driver/Src/stm32f4xx_hal_cortex.o
 .debug_frame   0x0000000000000bdc      0x14c ./Drivers/STM32F4xx_HAL_Driver/Src/stm32f4xx_hal_gpio.o
 .debug_frame   0x0000000000000d28      0x5b8 ./Drivers/STM32F4xx_HAL_Driver/Src/stm32f4xx_hal_pcd.o
 .debug_frame   0x00000000000012e0       0xb0 ./Drivers/STM32F4xx_HAL_Driver/Src/stm32f4xx_hal_pcd_ex.o
 .debug_frame   0x0000000000001390      0x1f4 ./Drivers/STM32F4xx_HAL_Driver/Src/stm32f4xx_hal_rcc.o
 .debug_frame   0x0000000000001584      0x954 ./Drivers/STM32F4xx_HAL_Driver/Src/stm32f4xx_hal_uart.o
 .debug_frame   0x0000000000001ed8      0x7c0 ./Drivers/STM32F4xx_HAL_Driver/Src/stm32f4xx_ll_usb.o
 .debug_frame   0x0000000000002698      0x1f4 ./Middlewares/ST/STM32_USB_Device_Library/Class/CustomHID/Src/usbd_customhid.o
 .debug_frame   0x000000000000288c      0x390 ./Middlewares/ST/STM32_USB_Device_Library/Core/Src/usbd_core.o
 .debug_frame   0x0000000000002c1c      0x23c ./Middlewares/ST/STM32_USB_Device_Library/Core/Src/usbd_ctlreq.o
 .debug_frame   0x0000000000002e58      0x10c ./Middlewares/ST/STM32_USB_Device_Library/Core/Src/usbd_ioreq.o
 .debug_frame   0x0000000000002f64       0x2c ./USB_DEVICE/App/usb_device.o
 .debug_frame   0x0000000000002f90       0xbc ./USB_DEVICE/App/usbd_custom_hid_if.o
 .debug_frame   0x000000000000304c      0x160 ./USB_DEVICE/App/usbd_desc.o
 .debug_frame   0x00000000000031ac      0x47c ./USB_DEVICE/Target/usbd_conf.o
 .debug_frame   0x0000000000003628       0x20 C:/ST/STM32CubeIDE_1.14.1/STM32CubeIDE/plugins/com.st.stm32cube.ide.mcu.externaltools.gnu-tools-for-stm32.11.3.rel1.win32_1.1.100.202309141235/tools/bin/../lib/gcc/arm-none-eabi/11.3.1/../../../../arm-none-eabi/lib/thumb/v7e-m+fp/hard\libc_nano.a(libc_a-memset.o)
 .debug_frame   0x0000000000003648       0x28 C:/ST/STM32CubeIDE_1.14.1/STM32CubeIDE/plugins/com.st.stm32cube.ide.mcu.externaltools.gnu-tools-for-stm32.11.3.rel1.win32_1.1.100.202309141235/tools/bin/../lib/gcc/arm-none-eabi/11.3.1/../../../../arm-none-eabi/lib/thumb/v7e-m+fp/hard\libc_nano.a(libc_a-strncmp.o)
 .debug_frame   0x0000000000003670       0x2c C:/ST/STM32CubeIDE_1.14.1/STM32CubeIDE/plugins/com.st.stm32cube.ide.mcu.externaltools.gnu-tools-for-stm32.11.3.rel1.win32_1.1.100.202309141235/tools/bin/../lib/gcc/arm-none-eabi/11.3.1/../../../../arm-none-eabi/lib/thumb/v7e-m+fp/hard\libc_nano.a(libc_a-init.o)
 .debug_frame   0x000000000000369c       0x2c C:/ST/STM32CubeIDE_1.14.1/STM32CubeIDE/plugins/com.st.stm32cube.ide.mcu.externaltools.gnu-tools-for-stm32.11.3.rel1.win32_1.1.100.202309141235/tools/bin/../lib/gcc/arm-none-eabi/11.3.1/thumb/v7e-m+fp/hard\libgcc.a(_aeabi_uldivmod.o)
 .debug_frame   0x00000000000036c8       0x34 C:/ST/STM32CubeIDE_1.14.1/STM32CubeIDE/plugins/com.st.stm32cube.ide.mcu.externaltools.gnu-tools-for-stm32.11.3.rel1.win32_1.1.100.202309141235/tools/bin/../lib/gcc/arm-none-eabi/11.3.1/thumb/v7e-m+fp/hard\libgcc.a(_udivmoddi4.o)

.debug_line_str
                0x0000000000000000       0x55
 .debug_line_str
                0x0000000000000000       0x55 ./Core/Startup/startup_stm32f407vgtx.o
                                         0x6d (size before relaxing)
