../Middlewares/ST/STM32_USB_Device_Library/Class/CustomHID/Src/usbd_customhid.c:250:16:USBD_CUSTOM_HID_Init	24	static
../Middlewares/ST/STM32_USB_Device_Library/Class/CustomHID/Src/usbd_customhid.c:315:16:USBD_CUSTOM_HID_DeInit	16	static
../Middlewares/ST/STM32_USB_Device_Library/Class/CustomHID/Src/usbd_customhid.c:354:16:USBD_CUSTOM_HID_Setup	40	static
../Middlewares/ST/STM32_USB_Device_Library/Class/CustomHID/Src/usbd_customhid.c:543:9:USBD_CUSTOM_HID_SendReport	32	static
../Middlewares/ST/STM32_USB_Device_Library/Class/CustomHID/Src/usbd_customhid.c:581:17:USBD_CUSTOM_HID_GetFSCfgDesc	24	static
../Middlewares/ST/STM32_USB_Device_Library/Class/CustomHID/Src/usbd_customhid.c:609:17:USBD_CUSTOM_HID_GetHSCfgDesc	24	static
../Middlewares/ST/STM32_USB_Device_Library/Class/CustomHID/Src/usbd_customhid.c:637:17:USBD_CUSTOM_HID_GetOtherSpeedCfgDesc	24	static
../Middlewares/ST/STM32_USB_Device_Library/Class/CustomHID/Src/usbd_customhid.c:666:16:USBD_CUSTOM_HID_DataIn	16	static
../Middlewares/ST/STM32_USB_Device_Library/Class/CustomHID/Src/usbd_customhid.c:684:16:USBD_CUSTOM_HID_DataOut	24	static
../Middlewares/ST/STM32_USB_Device_Library/Class/CustomHID/Src/usbd_customhid.c:719:9:USBD_CUSTOM_HID_ReceivePacket	24	static
../Middlewares/ST/STM32_USB_Device_Library/Class/CustomHID/Src/usbd_customhid.c:749:16:USBD_CUSTOM_HID_EP0_RxReady	24	static
../Middlewares/ST/STM32_USB_Device_Library/Class/CustomHID/Src/usbd_customhid.c:775:17:USBD_CUSTOM_HID_GetDeviceQualifierDesc	16	static
../Middlewares/ST/STM32_USB_Device_Library/Class/CustomHID/Src/usbd_customhid.c:788:9:USBD_CUSTOM_HID_RegisterInterface	16	static
